Archive member included to satisfy reference by file (symbol)

C:\Users\henry\AppData\Local\arduino\sketches\189BF9529F72B492B229EFBC9A16A7B8/core\core.a(SERCOM.cpp.o)
                              C:\Users\henry\AppData\Local\arduino\sketches\189BF9529F72B492B229EFBC9A16A7B8\core\variant.cpp.o (SERCOM::SERCOM(Sercom*))
C:\Users\henry\AppData\Local\arduino\sketches\189BF9529F72B492B229EFBC9A16A7B8/core\core.a(CDC.cpp.o)
                              C:\Users\henry\AppData\Local\arduino\sketches\189BF9529F72B492B229EFBC9A16A7B8\sketch\light-control-2.ino.cpp.o (Serial_::begin(unsigned long))
C:\Users\henry\AppData\Local\arduino\sketches\189BF9529F72B492B229EFBC9A16A7B8/core\core.a(USBCore.cpp.o)
                              C:\Users\henry\AppData\Local\arduino\sketches\189BF9529F72B492B229EFBC9A16A7B8/core\core.a(CDC.cpp.o) (usbd)
C:\Users\henry\AppData\Local\arduino\sketches\189BF9529F72B492B229EFBC9A16A7B8/core\core.a(Uart.cpp.o)
                              C:\Users\henry\AppData\Local\arduino\sketches\189BF9529F72B492B229EFBC9A16A7B8\core\variant.cpp.o (Uart::Uart(SERCOM*, unsigned char, unsigned char, SercomRXPad, SercomUartTXPad))
C:\Users\henry\AppData\Local\arduino\sketches\189BF9529F72B492B229EFBC9A16A7B8/core\core.a(PluggableUSB.cpp.o)
                              C:\Users\henry\AppData\Local\arduino\sketches\189BF9529F72B492B229EFBC9A16A7B8/core\core.a(USBCore.cpp.o) (arduino::PluggableUSB_::getInterface(unsigned char*))
C:\Users\henry\AppData\Local\arduino\sketches\189BF9529F72B492B229EFBC9A16A7B8/core\core.a(Print.cpp.o)
                              C:\Users\henry\AppData\Local\arduino\sketches\189BF9529F72B492B229EFBC9A16A7B8/core\core.a(Uart.cpp.o) (arduino::Print::write(unsigned char const*, unsigned int))
C:\Users\henry\AppData\Local\arduino\sketches\189BF9529F72B492B229EFBC9A16A7B8/core\core.a(String.cpp.o)
                              C:\Users\henry\AppData\Local\arduino\sketches\189BF9529F72B492B229EFBC9A16A7B8\sketch\light-control-2.ino.cpp.o (arduino::String::~String())
C:\Users\henry\AppData\Local\arduino\sketches\189BF9529F72B492B229EFBC9A16A7B8/core\core.a(dtostrf.c.o)
                              C:\Users\henry\AppData\Local\arduino\sketches\189BF9529F72B492B229EFBC9A16A7B8/core\core.a(String.cpp.o) (dtostrf)
C:\Users\henry\AppData\Local\arduino\sketches\189BF9529F72B492B229EFBC9A16A7B8/core\core.a(cortex_handlers.c.o)
                              (Reset_Handler)
C:\Users\henry\AppData\Local\arduino\sketches\189BF9529F72B492B229EFBC9A16A7B8/core\core.a(delay.c.o)
                              C:\Users\henry\AppData\Local\arduino\sketches\189BF9529F72B492B229EFBC9A16A7B8\sketch\light-control-2.ino.cpp.o (millis)
C:\Users\henry\AppData\Local\arduino\sketches\189BF9529F72B492B229EFBC9A16A7B8/core\core.a(hooks.c.o)
                              C:\Users\henry\AppData\Local\arduino\sketches\189BF9529F72B492B229EFBC9A16A7B8/core\core.a(delay.c.o) (yield)
C:\Users\henry\AppData\Local\arduino\sketches\189BF9529F72B492B229EFBC9A16A7B8/core\core.a(itoa.c.o)
                              C:\Users\henry\AppData\Local\arduino\sketches\189BF9529F72B492B229EFBC9A16A7B8/core\core.a(String.cpp.o) (ltoa)
C:\Users\henry\AppData\Local\arduino\sketches\189BF9529F72B492B229EFBC9A16A7B8/core\core.a(main.cpp.o)
                              c:/users/henry/appdata/local/arduino15/packages/arduino/tools/arm-none-eabi-gcc/7-2017q4/bin/../lib/gcc/arm-none-eabi/7.2.1/../../../../arm-none-eabi/lib/thumb/v6-m/crt0.o (main)
C:\Users\henry\AppData\Local\arduino\sketches\189BF9529F72B492B229EFBC9A16A7B8/core\core.a(new.cpp.o)
                              C:\Users\henry\AppData\Local\arduino\sketches\189BF9529F72B492B229EFBC9A16A7B8/core\core.a(USBCore.cpp.o) (operator new(unsigned int))
C:\Users\henry\AppData\Local\arduino\sketches\189BF9529F72B492B229EFBC9A16A7B8/core\core.a(startup.c.o)
                              C:\Users\henry\AppData\Local\arduino\sketches\189BF9529F72B492B229EFBC9A16A7B8/core\core.a(cortex_handlers.c.o) (SystemInit)
C:\Users\henry\AppData\Local\arduino\sketches\189BF9529F72B492B229EFBC9A16A7B8/core\core.a(wiring.c.o)
                              C:\Users\henry\AppData\Local\arduino\sketches\189BF9529F72B492B229EFBC9A16A7B8/core\core.a(main.cpp.o) (init)
C:\Users\henry\AppData\Local\arduino\sketches\189BF9529F72B492B229EFBC9A16A7B8/core\core.a(wiring_analog.c.o)
                              C:\Users\henry\AppData\Local\arduino\sketches\189BF9529F72B492B229EFBC9A16A7B8/core\core.a(wiring.c.o) (analogReference)
C:\Users\henry\AppData\Local\arduino\sketches\189BF9529F72B492B229EFBC9A16A7B8/core\core.a(wiring_digital.c.o)
                              C:\Users\henry\AppData\Local\arduino\sketches\189BF9529F72B492B229EFBC9A16A7B8\sketch\light-control-2.ino.cpp.o (pinMode)
C:\Users\henry\AppData\Local\arduino\sketches\189BF9529F72B492B229EFBC9A16A7B8/core\core.a(wiring_private.c.o)
[...]
Memory Configuration

Name             Origin             Length             Attributes
FLASH            0x00002000         0x0003e000         xr
RAM              0x20000000         0x00008000         xrw
*default*        0x00000000         0xffffffff

Linker script and memory map

LOAD c:/users/henry/appdata/local/arduino15/packages/arduino/tools/arm-none-eabi-gcc/7-2017q4/bin/../lib/gcc/arm-none-eabi/7.2.1/thumb/v6-m/crti.o
LOAD c:/users/henry/appdata/local/arduino15/packages/arduino/tools/arm-none-eabi-gcc/7-2017q4/bin/../lib/gcc/arm-none-eabi/7.2.1/thumb/v6-m/crtbegin.o
LOAD c:/users/henry/appdata/local/arduino15/packages/arduino/tools/arm-none-eabi-gcc/7-2017q4/bin/../lib/gcc/arm-none-eabi/7.2.1/../../../../arm-none-eabi/lib/thumb/v6-m/crt0.o
LOAD C:\Users\henry\AppData\Local\arduino\sketches\189BF9529F72B492B229EFBC9A16A7B8\sketch\light-control-2.ino.cpp.o
LOAD C:\Users\henry\AppData\Local\arduino\sketches\189BF9529F72B492B229EFBC9A16A7B8\libraries\Adafruit_NeoPixel\Adafruit_NeoPixel.cpp.o
LOAD C:\Users\henry\AppData\Local\arduino\sketches\189BF9529F72B492B229EFBC9A16A7B8\libraries\Adafruit_NeoPixel\Adafruit_Neopixel_RP2.cpp.o
LOAD C:\Users\henry\AppData\Local\arduino\sketches\189BF9529F72B492B229EFBC9A16A7B8\libraries\Adafruit_NeoPixel\esp.c.o
LOAD C:\Users\henry\AppData\Local\arduino\sketches\189BF9529F72B492B229EFBC9A16A7B8\libraries\Adafruit_NeoPixel\esp8266.c.o
LOAD C:\Users\henry\AppData\Local\arduino\sketches\189BF9529F72B492B229EFBC9A16A7B8\libraries\Adafruit_NeoPixel\kendyte_k210.c.o
LOAD C:\Users\henry\AppData\Local\arduino\sketches\189BF9529F72B492B229EFBC9A16A7B8\libraries\Adafruit_NeoPixel\psoc6.c.o
LOAD C:\Users\henry\AppData\Local\arduino\sketches\189BF9529F72B492B229EFBC9A16A7B8\core\variant.cpp.o
START GROUP
LOAD C:\Users\henry\AppData\Local\Arduino15\packages\arduino\tools\CMSIS\4.5.0/CMSIS/Lib/GCC/\libarm_cortexM0l_math.a
LOAD C:\Users\henry\AppData\Local\arduino\sketches\189BF9529F72B492B229EFBC9A16A7B8/core\core.a
END GROUP
LOAD c:/users/henry/appdata/local/arduino15/packages/arduino/tools/arm-none-eabi-gcc/7-2017q4/bin/../lib/gcc/arm-none-eabi/7.2.1/../../../../arm-none-eabi/lib/thumb/v6-m\libstdc++_nano.a
LOAD c:/users/henry/appdata/local/arduino15/packages/arduino/tools/arm-none-eabi-gcc/7-2017q4/bin/../lib/gcc/arm-none-eabi/7.2.1/../../../../arm-none-eabi/lib/thumb/v6-m\libm.a
START GROUP
LOAD c:/users/henry/appdata/local/arduino15/packages/arduino/tools/arm-none-eabi-gcc/7-2017q4/bin/../lib/gcc/arm-none-eabi/7.2.1/thumb/v6-m\libgcc.a
LOAD c:/users/henry/appdata/local/arduino15/packages/arduino/tools/arm-none-eabi-gcc/7-2017q4/bin/../lib/gcc/arm-none-eabi/7.2.1/../../../../arm-none-eabi/lib/thumb/v6-m\libc_nano.a
END GROUP
START GROUP
LOAD c:/users/henry/appdata/local/arduino15/packages/arduino/tools/arm-none-eabi-gcc/7-2017q4/bin/../lib/gcc/arm-none-eabi/7.2.1/thumb/v6-m\libgcc.a
LOAD c:/users/henry/appdata/local/arduino15/packages/arduino/tools/arm-none-eabi-gcc/7-2017q4/bin/../lib/gcc/arm-none-eabi/7.2.1/../../../../arm-none-eabi/lib/thumb/v6-m\libc_nano.a
LOAD c:/users/henry/appdata/local/arduino15/packages/arduino/tools/arm-none-eabi-gcc/7-2017q4/bin/../lib/gcc/arm-none-eabi/7.2.1/../../../../arm-none-eabi/lib/thumb/v6-m\libnosys.a
END GROUP
START GROUP
LOAD c:/users/henry/appdata/local/arduino15/packages/arduino/tools/arm-none-eabi-gcc/7-2017q4/bin/../lib/gcc/arm-none-eabi/7.2.1/thumb/v6-m\libgcc.a
LOAD c:/users/henry/appdata/local/arduino15/packages/arduino/tools/arm-none-eabi-gcc/7-2017q4/bin/../lib/gcc/arm-none-eabi/7.2.1/../../../../arm-none-eabi/lib/thumb/v6-m\libc_nano.a
LOAD c:/users/henry/appdata/local/arduino15/packages/arduino/tools/arm-none-eabi-gcc/7-2017q4/bin/../lib/gcc/arm-none-eabi/7.2.1/../../../../arm-none-eabi/lib/thumb/v6-m\libnosys.a
END GROUP
LOAD c:/users/henry/appdata/local/arduino15/packages/arduino/tools/arm-none-eabi-gcc/7-2017q4/bin/../lib/gcc/arm-none-eabi/7.2.1/thumb/v6-m/crtend.o
LOAD c:/users/henry/appdata/local/arduino15/packages/arduino/tools/arm-none-eabi-gcc/7-2017q4/bin/../lib/gcc/arm-none-eabi/7.2.1/thumb/v6-m/crtn.o

.text           0x00002000     0x90b8
                0x00002000                __text_start__ = .
 *(.sketch_boot)
                0x00002000                . = ALIGN (0x2000)
 *(.isr_vector)
 .isr_vector    0x00002000       0xb4 C:\Users\henry\AppData\Local\arduino\sketches\189BF9529F72B492B229EFBC9A16A7B8/core\core.a(cortex_handlers.c.o)
                0x00002000                exception_table
 *(.text*)
 .text          0x000020b4       0x48 c:/users/henry/appdata/local/arduino15/packages/arduino/tools/arm-none-eabi-gcc/7-2017q4/bin/../lib/gcc/arm-none-eabi/7.2.1/thumb/v6-m/crtbegin.o
 .text._Z15readLdrAveragedv
                0x000020fc       0x20 C:\Users\henry\AppData\Local\arduino\sketches\189BF9529F72B492B229EFBC9A16A7B8\sketch\light-control-2.ino.cpp.o
                0x000020fc                readLdrAveraged()
 .text._Z18setWhiteBrightnessi
                0x0000211c       0x30 C:\Users\henry\AppData\Local\arduino\sketches\189BF9529F72B492B229EFBC9A16A7B8\sketch\light-control-2.ino.cpp.o
                0x0000211c                setWhiteBrightness(int)
 .text._Z11printStatusv
                0x0000214c       0xf4 C:\Users\henry\AppData\Local\arduino\sketches\189BF9529F72B492B229EFBC9A16A7B8\sketch\light-control-2.ino.cpp.o
                0x0000214c                printStatus()
 .text._Z9calibratev
                0x00002240      0x144 C:\Users\henry\AppData\Local\arduino\sketches\189BF9529F72B492B229EFBC9A16A7B8\sketch\light-control-2.ino.cpp.o
                0x00002240                calibrate()
 .text._Z14printTelemetryi
                0x00002384      0x214 C:\Users\henry\AppData\Local\arduino\sketches\189BF9529F72B492B229EFBC9A16A7B8\sketch\light-control-2.ino.cpp.o
                0x00002384                printTelemetry(int)
 .text.startup._GLOBAL__sub_I_strip
                0x00002598       0x4c C:\Users\henry\AppData\Local\arduino\sketches\189BF9529F72B492B229EFBC9A16A7B8\sketch\light-control-2.ino.cpp.o
 .text._Z12handleSerialv
                0x000025e4      0x308 C:\Users\henry\AppData\Local\arduino\sketches\189BF9529F72B492B229EFBC9A16A7B8\sketch\light-control-2.ino.cpp.o
                0x000025e4                handleSerial()
 .text.loop     0x000028ec      0x300 C:\Users\henry\AppData\Local\arduino\sketches\189BF9529F72B492B229EFBC9A16A7B8\sketch\light-control-2.ino.cpp.o
                0x000028ec                loop
 .text.setup    0x00002bec       0x90 C:\Users\henry\AppData\Local\arduino\sketches\189BF9529F72B492B229EFBC9A16A7B8\sketch\light-control-2.ino.cpp.o
                0x00002bec                setup
 .text._ZN17Adafruit_NeoPixelD2Ev
                0x00002c7c       0x1e C:\Users\henry\AppData\Local\arduino\sketches\189BF9529F72B492B229EFBC9A16A7B8\libraries\Adafruit_NeoPixel\Adafruit_NeoPixel.cpp.o
                0x00002c7c                Adafruit_NeoPixel::~Adafruit_NeoPixel()
                0x00002c7c                Adafruit_NeoPixel::~Adafruit_NeoPixel()
 .text._ZN17Adafruit_NeoPixel5beginEv
                0x00002c9a       0x26 C:\Users\henry\AppData\Local\arduino\sketches\189BF9529F72B492B229EFBC9A16A7B8\libraries\Adafruit_NeoPixel\Adafruit_NeoPixel.cpp.o
                0x00002c9a                Adafruit_NeoPixel::begin()
 .text._ZN17Adafruit_NeoPixel12updateLengthEt
                0x00002cc0       0x3c C:\Users\henry\AppData\Local\arduino\sketches\189BF9529F72B492B229EFBC9A16A7B8\libraries\Adafruit_NeoPixel\Adafruit_NeoPixel.cpp.o
                0x00002cc0                Adafruit_NeoPixel::updateLength(unsigned short)
 .text._ZN17Adafruit_NeoPixel10updateTypeEt
                0x00002cfc       0x46 C:\Users\henry\AppData\Local\arduino\sketches\189BF9529F72B492B229EFBC9A16A7B8\libraries\Adafruit_NeoPixel\Adafruit_NeoPixel.cpp.o
                0x00002cfc                Adafruit_NeoPixel::updateType(unsigned short)
 *fill*         0x00002d42        0x2 
 .text._ZN17Adafruit_NeoPixel4showEv
                0x00002d44      0x1fc C:\Users\henry\AppData\Local\arduino\sketches\189BF9529F72B492B229EFBC9A16A7B8\libraries\Adafruit_NeoPixel\Adafruit_NeoPixel.cpp.o
                0x00002d44                Adafruit_NeoPixel::show()
 .text._ZN17Adafruit_NeoPixel6setPinEs
                0x00002f40       0x38 C:\Users\henry\AppData\Local\arduino\sketches\189BF9529F72B492B229EFBC9A16A7B8\libraries\Adafruit_NeoPixel\Adafruit_NeoPixel.cpp.o
                0x00002f40                Adafruit_NeoPixel::setPin(short)
 .text._ZN17Adafruit_NeoPixelC2Etst
                0x00002f78       0x2c C:\Users\henry\AppData\Local\arduino\sketches\189BF9529F72B492B229EFBC9A16A7B8\libraries\Adafruit_NeoPixel\Adafruit_NeoPixel.cpp.o
                0x00002f78                Adafruit_NeoPixel::Adafruit_NeoPixel(unsigned short, short, unsigned short)
                0x00002f78                Adafruit_NeoPixel::Adafruit_NeoPixel(unsigned short, short, unsigned short)
 .text._ZN17Adafruit_NeoPixel13setPixelColorEtm
                0x00002fa4       0x6e C:\Users\henry\AppData\Local\arduino\sketches\189BF9529F72B492B229EFBC9A16A7B8\libraries\Adafruit_NeoPixel\Adafruit_NeoPixel.cpp.o
                0x00002fa4                Adafruit_NeoPixel::setPixelColor(unsigned short, unsigned long)
 .text._ZN17Adafruit_NeoPixel5clearEv
                0x00003012        0xe C:\Users\henry\AppData\Local\arduino\sketches\189BF9529F72B492B229EFBC9A16A7B8\libraries\Adafruit_NeoPixel\Adafruit_NeoPixel.cpp.o
                0x00003012                Adafruit_NeoPixel::clear()
 .text.SERCOM5_Handler
                0x00003020       0x10 C:\Users\henry\AppData\Local\arduino\sketches\189BF9529F72B492B229EFBC9A16A7B8\core\variant.cpp.o
                0x00003020                SERCOM5_Handler
 .text.startup._GLOBAL__sub_I_g_APinDescription
                0x00003030       0x80 C:\Users\henry\AppData\Local\arduino\sketches\189BF9529F72B492B229EFBC9A16A7B8\core\variant.cpp.o
 .text._ZN6SERCOMC2EP6Sercom
                0x000030b0        0x8 C:\Users\henry\AppData\Local\arduino\sketches\189BF9529F72B492B229EFBC9A16A7B8/core\core.a(SERCOM.cpp.o)
                0x000030b0                SERCOM::SERCOM(Sercom*)
                0x000030b0                SERCOM::SERCOM(Sercom*)
 .text._ZN6SERCOM9initFrameE18SercomUartCharSize15SercomDataOrder16SercomParityMode19SercomNumberStopBit
                0x000030b8       0x3a C:\Users\henry\AppData\Local\arduino\sketches\189BF9529F72B492B229EFBC9A16A7B8/core\core.a(SERCOM.cpp.o)
                0x000030b8                SERCOM::initFrame(SercomUartCharSize, SercomDataOrder, SercomParityMode, SercomNumberStopBit)
 .text._ZN6SERCOM8initPadsE15SercomUartTXPad11SercomRXPad
                0x000030f2       0x26 C:\Users\henry\AppData\Local\arduino\sketches\189BF9529F72B492B229EFBC9A16A7B8/core\core.a(SERCOM.cpp.o)
                0x000030f2                SERCOM::initPads(SercomUartTXPad, SercomRXPad)
 .text._ZN6SERCOM9resetUARTEv
                0x00003118       0x1a C:\Users\henry\AppData\Local\arduino\sketches\189BF9529F72B492B229EFBC9A16A7B8/core\core.a(SERCOM.cpp.o)
                0x00003118                SERCOM::resetUART()
 .text._ZN6SERCOM10enableUARTEv
                0x00003132       0x14 C:\Users\henry\AppData\Local\arduino\sketches\189BF9529F72B492B229EFBC9A16A7B8/core\core.a(SERCOM.cpp.o)
                0x00003132                SERCOM::enableUART()
 .text._ZN6SERCOM9flushUARTEv
                0x00003146       0x14 C:\Users\henry\AppData\Local\arduino\sketches\189BF9529F72B492B229EFBC9A16A7B8/core\core.a(SERCOM.cpp.o)
                0x00003146                SERCOM::flushUART()
 .text._ZN6SERCOM15clearStatusUARTEv
                0x0000315a        0x8 C:\Users\henry\AppData\Local\arduino\sketches\189BF9529F72B492B229EFBC9A16A7B8/core\core.a(SERCOM.cpp.o)
                0x0000315a                SERCOM::clearStatusUART()
 .text._ZN6SERCOM17availableDataUARTEv
                0x00003162        0xa C:\Users\henry\AppData\Local\arduino\sketches\189BF9529F72B492B229EFBC9A16A7B8/core\core.a(SERCOM.cpp.o)
                0x00003162                SERCOM::availableDataUART()
 .text._ZN6SERCOM11isUARTErrorEv
                0x0000316c        0x8 C:\Users\henry\AppData\Local\arduino\sketches\189BF9529F72B492B229EFBC9A16A7B8/core\core.a(SERCOM.cpp.o)
                0x0000316c                SERCOM::isUARTError()
 .text._ZN6SERCOM20acknowledgeUARTErrorEv
                0x00003174        0xe C:\Users\henry\AppData\Local\arduino\sketches\189BF9529F72B492B229EFBC9A16A7B8/core\core.a(SERCOM.cpp.o)
                0x00003174                SERCOM::acknowledgeUARTError()
 .text._ZN6SERCOM16isFrameErrorUARTEv
                0x00003182        0xa C:\Users\henry\AppData\Local\arduino\sketches\189BF9529F72B492B229EFBC9A16A7B8/core\core.a(SERCOM.cpp.o)
                0x00003182                SERCOM::isFrameErrorUART()
 .text._ZN6SERCOM19clearFrameErrorUARTEv
                0x0000318c        0xc C:\Users\henry\AppData\Local\arduino\sketches\189BF9529F72B492B229EFBC9A16A7B8/core\core.a(SERCOM.cpp.o)
                0x0000318c                SERCOM::clearFrameErrorUART()
 .text._ZN6SERCOM23isDataRegisterEmptyUARTEv
                0x00003198        0xa C:\Users\henry\AppData\Local\arduino\sketches\189BF9529F72B492B229EFBC9A16A7B8/core\core.a(SERCOM.cpp.o)
                0x00003198                SERCOM::isDataRegisterEmptyUART()
 .text._ZN6SERCOM12readDataUARTEv
                0x000031a2        0x8 C:\Users\henry\AppData\Local\arduino\sketches\189BF9529F72B492B229EFBC9A16A7B8/core\core.a(SERCOM.cpp.o)
                0x000031a2                SERCOM::readDataUART()
 .text._ZN6SERCOM13writeDataUARTEh
                0x000031aa       0x14 C:\Users\henry\AppData\Local\arduino\sketches\189BF9529F72B492B229EFBC9A16A7B8/core\core.a(SERCOM.cpp.o)
                0x000031aa                SERCOM::writeDataUART(unsigned char)
 .text._ZN6SERCOM36enableDataRegisterEmptyInterruptUARTEv
                0x000031be        0x8 C:\Users\henry\AppData\Local\arduino\sketches\189BF9529F72B492B229EFBC9A16A7B8/core\core.a(SERCOM.cpp.o)
                0x000031be                SERCOM::enableDataRegisterEmptyInterruptUART()
 .text._ZN6SERCOM37disableDataRegisterEmptyInterruptUARTEv
                0x000031c6        0x8 C:\Users\henry\AppData\Local\arduino\sketches\189BF9529F72B492B229EFBC9A16A7B8/core\core.a(SERCOM.cpp.o)
                0x000031c6                SERCOM::disableDataRegisterEmptyInterruptUART()
 *fill*         0x000031ce        0x2 
 .text._ZN6SERCOM13initClockNVICEv
                0x000031d0       0xa8 C:\Users\henry\AppData\Local\arduino\sketches\189BF9529F72B492B229EFBC9A16A7B8/core\core.a(SERCOM.cpp.o)
                0x000031d0                SERCOM::initClockNVIC()
 .text._ZN6SERCOM8initUARTE14SercomUartMode20SercomUartSampleRatem
                0x00003278       0x6c C:\Users\henry\AppData\Local\arduino\sketches\189BF9529F72B492B229EFBC9A16A7B8/core\core.a(SERCOM.cpp.o)
                0x00003278                SERCOM::initUART(SercomUartMode, SercomUartSampleRate, unsigned long)
 .text._ZN7Serial_13getDescriptorERN7arduino8USBSetupE
                0x000032e4        0x4 C:\Users\henry\AppData\Local\arduino\sketches\189BF9529F72B492B229EFBC9A16A7B8/core\core.a(CDC.cpp.o)
                0x000032e4                Serial_::getDescriptor(arduino::USBSetup&)
 .text._ZL5utox8mPc
                0x000032e8       0x24 C:\Users\henry\AppData\Local\arduino\sketches\189BF9529F72B492B229EFBC9A16A7B8/core\core.a(CDC.cpp.o)
 .text._ZN7Serial_12getShortNameEPc
                0x0000330c       0x44 C:\Users\henry\AppData\Local\arduino\sketches\189BF9529F72B492B229EFBC9A16A7B8/core\core.a(CDC.cpp.o)
                0x0000330c                Serial_::getShortName(char*)
 .text._ZThn16_N7Serial_12getShortNameEPc
                0x00003350       0x10 C:\Users\henry\AppData\Local\arduino\sketches\189BF9529F72B492B229EFBC9A16A7B8/core\core.a(CDC.cpp.o)
                0x00003350                non-virtual thunk to Serial_::getShortName(char*)
 .text._ZN7Serial_5beginEm
                0x00003360        0x2 C:\Users\henry\AppData\Local\arduino\sketches\189BF9529F72B492B229EFBC9A16A7B8/core\core.a(CDC.cpp.o)
                0x00003360                Serial_::begin(unsigned long)
 .text._ZN7Serial_5beginEmt
                0x00003362        0x2 C:\Users\henry\AppData\Local\arduino\sketches\189BF9529F72B492B229EFBC9A16A7B8/core\core.a(CDC.cpp.o)
                0x00003362                Serial_::begin(unsigned long, unsigned short)
 .text._ZN7Serial_17availableForWriteEv
                0x00003364        0x4 C:\Users\henry\AppData\Local\arduino\sketches\189BF9529F72B492B229EFBC9A16A7B8/core\core.a(CDC.cpp.o)
                0x00003364                Serial_::availableForWrite()
 .text._ZN7Serial_5writeEh
                0x00003368       0x14 C:\Users\henry\AppData\Local\arduino\sketches\189BF9529F72B492B229EFBC9A16A7B8/core\core.a(CDC.cpp.o)
                0x00003368                Serial_::write(unsigned char)
 .text._ZN7Serial_12getInterfaceEPh
                0x0000337c      0x11c C:\Users\henry\AppData\Local\arduino\sketches\189BF9529F72B492B229EFBC9A16A7B8/core\core.a(CDC.cpp.o)
                0x0000337c                Serial_::getInterface(unsigned char*)
 .text._ZThn16_N7Serial_12getInterfaceEPh
                0x00003498       0x10 C:\Users\henry\AppData\Local\arduino\sketches\189BF9529F72B492B229EFBC9A16A7B8/core\core.a(CDC.cpp.o)
                0x00003498                non-virtual thunk to Serial_::getInterface(unsigned char*)
 .text._ZN7Serial_5setupERN7arduino8USBSetupE
                0x000034a8       0x9c C:\Users\henry\AppData\Local\arduino\sketches\189BF9529F72B492B229EFBC9A16A7B8/core\core.a(CDC.cpp.o)
                0x000034a8                Serial_::setup(arduino::USBSetup&)
 .text._ZThn16_N7Serial_5setupERN7arduino8USBSetupE
                0x00003544       0x10 C:\Users\henry\AppData\Local\arduino\sketches\189BF9529F72B492B229EFBC9A16A7B8/core\core.a(CDC.cpp.o)
                0x00003544                non-virtual thunk to Serial_::setup(arduino::USBSetup&)
 .text._ZN7Serial_3endEv
                0x00003554        0xe C:\Users\henry\AppData\Local\arduino\sketches\189BF9529F72B492B229EFBC9A16A7B8/core\core.a(CDC.cpp.o)
                0x00003554                Serial_::end()
 *fill*         0x00003562        0x2 
 .text._ZN7Serial_9availableEv
                0x00003564       0x20 C:\Users\henry\AppData\Local\arduino\sketches\189BF9529F72B492B229EFBC9A16A7B8/core\core.a(CDC.cpp.o)
                0x00003564                Serial_::available()
 .text._ZN7Serial_5flushEv
                0x00003584        0xe C:\Users\henry\AppData\Local\arduino\sketches\189BF9529F72B492B229EFBC9A16A7B8/core\core.a(CDC.cpp.o)
                0x00003584                Serial_::flush()
 .text._ZN7Serial_5clearEv
                0x00003592        0xe C:\Users\henry\AppData\Local\arduino\sketches\189BF9529F72B492B229EFBC9A16A7B8/core\core.a(CDC.cpp.o)
                0x00003592                Serial_::clear()
 .text._ZN7Serial_5writeEPKhj
                0x000035a0       0x1e C:\Users\henry\AppData\Local\arduino\sketches\189BF9529F72B492B229EFBC9A16A7B8/core\core.a(CDC.cpp.o)
                0x000035a0                Serial_::write(unsigned char const*, unsigned int)
 *fill*         0x000035be        0x2 
 .text._ZN7Serial_4peekEv
                0x000035c0       0x1c C:\Users\henry\AppData\Local\arduino\sketches\189BF9529F72B492B229EFBC9A16A7B8/core\core.a(CDC.cpp.o)
                0x000035c0                Serial_::peek()
 .text._ZN7Serial_4readEv
                0x000035dc       0x24 C:\Users\henry\AppData\Local\arduino\sketches\189BF9529F72B492B229EFBC9A16A7B8/core\core.a(CDC.cpp.o)
                0x000035dc                Serial_::read()
 .text._ZN7Serial_cvbEv
                0x00003600       0x26 C:\Users\henry\AppData\Local\arduino\sketches\189BF9529F72B492B229EFBC9A16A7B8/core\core.a(CDC.cpp.o)
                0x00003600                Serial_::operator bool()
 .text._ZThn16_N7Serial_13getDescriptorERN7arduino8USBSetupE
                0x00003626        0x4 C:\Users\henry\AppData\Local\arduino\sketches\189BF9529F72B492B229EFBC9A16A7B8/core\core.a(CDC.cpp.o)
                0x00003626                non-virtual thunk to Serial_::getDescriptor(arduino::USBSetup&)
 .text.resetExternalChip
                0x0000362a        0x2 C:\Users\henry\AppData\Local\arduino\sketches\189BF9529F72B492B229EFBC9A16A7B8/core\core.a(CDC.cpp.o)
                0x0000362a                resetExternalChip
 .text._ZN7Serial_14handleEndpointEi
                0x0000362c        0x2 C:\Users\henry\AppData\Local\arduino\sketches\189BF9529F72B492B229EFBC9A16A7B8/core\core.a(CDC.cpp.o)
                0x0000362c                Serial_::handleEndpoint(int)
 *fill*         0x0000362e        0x2 
 .text._ZN7Serial_C2ER14USBDeviceClass
                0x00003630       0x5c C:\Users\henry\AppData\Local\arduino\sketches\189BF9529F72B492B229EFBC9A16A7B8/core\core.a(CDC.cpp.o)
                0x00003630                Serial_::Serial_(USBDeviceClass&)
                0x00003630                Serial_::Serial_(USBDeviceClass&)
 .text._ZN7Serial_15enableInterruptEv
                0x0000368c       0x30 C:\Users\henry\AppData\Local\arduino\sketches\189BF9529F72B492B229EFBC9A16A7B8/core\core.a(CDC.cpp.o)
                0x0000368c                Serial_::enableInterrupt()
 .text.startup._GLOBAL__sub_I__ZN7Serial_12getInterfaceEPh
                0x000036bc       0x14 C:\Users\henry\AppData\Local\arduino\sketches\189BF9529F72B492B229EFBC9A16A7B8/core\core.a(CDC.cpp.o)
 .text._ZN26DoubleBufferedEPOutHandlerD2Ev
                0x000036d0        0x2 C:\Users\henry\AppData\Local\arduino\sketches\189BF9529F72B492B229EFBC9A16A7B8/core\core.a(USBCore.cpp.o)
                0x000036d0                DoubleBufferedEPOutHandler::~DoubleBufferedEPOutHandler()
                0x000036d0                DoubleBufferedEPOutHandler::~DoubleBufferedEPOutHandler()
 .text._ZN26DoubleBufferedEPOutHandlerD0Ev
                0x000036d2        0xc C:\Users\henry\AppData\Local\arduino\sketches\189BF9529F72B492B229EFBC9A16A7B8/core\core.a(USBCore.cpp.o)
                0x000036d2                DoubleBufferedEPOutHandler::~DoubleBufferedEPOutHandler()
 *fill*         0x000036de        0x2 
 .text._ZN14USBDeviceClass6initEPEmm.part.7
                0x000036e0       0xc4 C:\Users\henry\AppData\Local\arduino\sketches\189BF9529F72B492B229EFBC9A16A7B8/core\core.a(USBCore.cpp.o)
 .text._ZN7__GuardC2Ev
                0x000037a4        0xe C:\Users\henry\AppData\Local\arduino\sketches\189BF9529F72B492B229EFBC9A16A7B8/core\core.a(USBCore.cpp.o)
                0x000037a4                __Guard::__Guard()
                0x000037a4                __Guard::__Guard()
 .text._ZN7__GuardD2Ev
                0x000037b2        0xe C:\Users\henry\AppData\Local\arduino\sketches\189BF9529F72B492B229EFBC9A16A7B8/core\core.a(USBCore.cpp.o)
                0x000037b2                __Guard::~__Guard()
                0x000037b2                __Guard::~__Guard()
 .text._ZNK26DoubleBufferedEPOutHandler10_availableEv
                0x000037c0       0x70 C:\Users\henry\AppData\Local\arduino\sketches\189BF9529F72B492B229EFBC9A16A7B8/core\core.a(USBCore.cpp.o)
                0x000037c0                DoubleBufferedEPOutHandler::_available() const
 .text._ZN26DoubleBufferedEPOutHandler7releaseEv
                0x00003830       0x38 C:\Users\henry\AppData\Local\arduino\sketches\189BF9529F72B492B229EFBC9A16A7B8/core\core.a(USBCore.cpp.o)
                0x00003830                DoubleBufferedEPOutHandler::release()
 .text._ZN26DoubleBufferedEPOutHandler14handleEndpointEv
                0x00003868       0xe2 C:\Users\henry\AppData\Local\arduino\sketches\189BF9529F72B492B229EFBC9A16A7B8/core\core.a(USBCore.cpp.o)
                0x00003868                DoubleBufferedEPOutHandler::handleEndpoint()
 .text._ZN14USBDeviceClass14SendInterfacesEPm
                0x0000394a       0x20 C:\Users\henry\AppData\Local\arduino\sketches\189BF9529F72B492B229EFBC9A16A7B8/core\core.a(USBCore.cpp.o)
                0x0000394a                USBDeviceClass::SendInterfaces(unsigned long*)
 *fill*         0x0000396a        0x2 
 .text._ZN14USBDeviceClass6attachEv
                0x0000396c       0x34 C:\Users\henry\AppData\Local\arduino\sketches\189BF9529F72B492B229EFBC9A16A7B8/core\core.a(USBCore.cpp.o)
                0x0000396c                USBDeviceClass::attach()
 .text._ZN14USBDeviceClass10setAddressEm
                0x000039a0       0x48 C:\Users\henry\AppData\Local\arduino\sketches\189BF9529F72B492B229EFBC9A16A7B8/core\core.a(USBCore.cpp.o)
                0x000039a0                USBDeviceClass::setAddress(unsigned long)
 .text._ZN14USBDeviceClass25handleClassInterfaceSetupERN7arduino8USBSetupE
                0x000039e8       0x24 C:\Users\henry\AppData\Local\arduino\sketches\189BF9529F72B492B229EFBC9A16A7B8/core\core.a(USBCore.cpp.o)
                0x000039e8                USBDeviceClass::handleClassInterfaceSetup(arduino::USBSetup&)
 .text._ZN14USBDeviceClass6initEPEmm
                0x00003a0c      0x10c C:\Users\henry\AppData\Local\arduino\sketches\189BF9529F72B492B229EFBC9A16A7B8/core\core.a(USBCore.cpp.o)
                0x00003a0c                USBDeviceClass::initEP(unsigned long, unsigned long)
 .text._ZN14USBDeviceClass13initEndpointsEv
                0x00003b18       0x24 C:\Users\henry\AppData\Local\arduino\sketches\189BF9529F72B492B229EFBC9A16A7B8/core\core.a(USBCore.cpp.o)
                0x00003b18                USBDeviceClass::initEndpoints()
 .text._ZN14USBDeviceClass5clearEm
                0x00003b3c       0x38 C:\Users\henry\AppData\Local\arduino\sketches\189BF9529F72B492B229EFBC9A16A7B8/core\core.a(USBCore.cpp.o)
                0x00003b3c                USBDeviceClass::clear(unsigned long)
 .text._ZN14USBDeviceClass9availableEm
                0x00003b74       0x2c C:\Users\henry\AppData\Local\arduino\sketches\189BF9529F72B492B229EFBC9A16A7B8/core\core.a(USBCore.cpp.o)
                0x00003b74                USBDeviceClass::available(unsigned long)
 .text._ZN14USBDeviceClass5flushEm
                0x00003ba0       0x2c C:\Users\henry\AppData\Local\arduino\sketches\189BF9529F72B492B229EFBC9A16A7B8/core\core.a(USBCore.cpp.o)
                0x00003ba0                USBDeviceClass::flush(unsigned long)
 .text._ZN14USBDeviceClass4recvEmPvm
                0x00003bcc       0xc0 C:\Users\henry\AppData\Local\arduino\sketches\189BF9529F72B492B229EFBC9A16A7B8/core\core.a(USBCore.cpp.o)
                0x00003bcc                USBDeviceClass::recv(unsigned long, void*, unsigned long)
 .text._ZN14USBDeviceClass4recvEm
                0x00003c8c       0x1c C:\Users\henry\AppData\Local\arduino\sketches\189BF9529F72B492B229EFBC9A16A7B8/core\core.a(USBCore.cpp.o)
                0x00003c8c                USBDeviceClass::recv(unsigned long)
 .text._ZN14USBDeviceClass14armRecvCtrlOUTEm
                0x00003ca8       0x5c C:\Users\henry\AppData\Local\arduino\sketches\189BF9529F72B492B229EFBC9A16A7B8/core\core.a(USBCore.cpp.o)
                0x00003ca8                USBDeviceClass::armRecvCtrlOUT(unsigned long)
 .text._ZN14USBDeviceClass11recvControlEPvm
                0x00003d04       0x28 C:\Users\henry\AppData\Local\arduino\sketches\189BF9529F72B492B229EFBC9A16A7B8/core\core.a(USBCore.cpp.o)
                0x00003d04                USBDeviceClass::recvControl(void*, unsigned long)
 .text._ZN14USBDeviceClass4sendEmPKvm
                0x00003d2c      0x10c C:\Users\henry\AppData\Local\arduino\sketches\189BF9529F72B492B229EFBC9A16A7B8/core\core.a(USBCore.cpp.o)
                0x00003d2c                USBDeviceClass::send(unsigned long, void const*, unsigned long)
 .text._ZN14USBDeviceClass7armSendEmPKvm
                0x00003e38       0x48 C:\Users\henry\AppData\Local\arduino\sketches\189BF9529F72B492B229EFBC9A16A7B8/core\core.a(USBCore.cpp.o)
                0x00003e38                USBDeviceClass::armSend(unsigned long, void const*, unsigned long)
 .text._ZN14USBDeviceClass11sendControlEPKvm
                0x00003e80       0x54 C:\Users\henry\AppData\Local\arduino\sketches\189BF9529F72B492B229EFBC9A16A7B8/core\core.a(USBCore.cpp.o)
                0x00003e80                USBDeviceClass::sendControl(void const*, unsigned long)
 .text._ZN14USBDeviceClass20sendStringDescriptorEPKhm
                0x00003ed4       0x64 C:\Users\henry\AppData\Local\arduino\sketches\189BF9529F72B492B229EFBC9A16A7B8/core\core.a(USBCore.cpp.o)
                0x00003ed4                USBDeviceClass::sendStringDescriptor(unsigned char const*, unsigned long)
 .text._ZN14USBDeviceClass17sendConfigurationEm
                0x00003f38       0x80 C:\Users\henry\AppData\Local\arduino\sketches\189BF9529F72B492B229EFBC9A16A7B8/core\core.a(USBCore.cpp.o)
                0x00003f38                USBDeviceClass::sendConfiguration(unsigned long)
 .text._ZN14USBDeviceClass14sendDescriptorERN7arduino8USBSetupE
                0x00003fb8       0xd8 C:\Users\henry\AppData\Local\arduino\sketches\189BF9529F72B492B229EFBC9A16A7B8/core\core.a(USBCore.cpp.o)
                0x00003fb8                USBDeviceClass::sendDescriptor(arduino::USBSetup&)
 .text._ZN14USBDeviceClass7sendZlpEm
                0x00004090       0x18 C:\Users\henry\AppData\Local\arduino\sketches\189BF9529F72B492B229EFBC9A16A7B8/core\core.a(USBCore.cpp.o)
                0x00004090                USBDeviceClass::sendZlp(unsigned long)
 .text._ZN14USBDeviceClass19handleStandardSetupERN7arduino8USBSetupE
                0x000040a8       0xf0 C:\Users\henry\AppData\Local\arduino\sketches\189BF9529F72B492B229EFBC9A16A7B8/core\core.a(USBCore.cpp.o)
                0x000040a8                USBDeviceClass::handleStandardSetup(arduino::USBSetup&)
 .text._ZN14USBDeviceClass10ISRHandlerEv
                0x00004198      0x108 C:\Users\henry\AppData\Local\arduino\sketches\189BF9529F72B492B229EFBC9A16A7B8/core\core.a(USBCore.cpp.o)
                0x00004198                USBDeviceClass::ISRHandler()
 .text.UDD_Handler
                0x000042a0       0x10 C:\Users\henry\AppData\Local\arduino\sketches\189BF9529F72B492B229EFBC9A16A7B8/core\core.a(USBCore.cpp.o)
                0x000042a0                UDD_Handler
 .text._ZN7arduino13PluggableUSB_C2Ev
                0x000042b0       0x10 C:\Users\henry\AppData\Local\arduino\sketches\189BF9529F72B492B229EFBC9A16A7B8/core\core.a(USBCore.cpp.o)
                0x000042b0                arduino::PluggableUSB_::PluggableUSB_()
                0x000042b0                arduino::PluggableUSB_::PluggableUSB_()
 .text._Z8epBufferj
                0x000042c0        0xc C:\Users\henry\AppData\Local\arduino\sketches\189BF9529F72B492B229EFBC9A16A7B8/core\core.a(USBCore.cpp.o)
                0x000042c0                epBuffer(unsigned int)
 .text._ZN7arduino11RingBufferNILi64EE10store_charEh
                0x000042cc       0x1c C:\Users\henry\AppData\Local\arduino\sketches\189BF9529F72B492B229EFBC9A16A7B8/core\core.a(USBCore.cpp.o)
                0x000042cc                arduino::RingBufferN<64>::store_char(unsigned char)
 .text._ZN26DoubleBufferedEPOutHandler5_recvEv
                0x000042e8      0x15e C:\Users\henry\AppData\Local\arduino\sketches\189BF9529F72B492B229EFBC9A16A7B8/core\core.a(USBCore.cpp.o)
                0x000042e8                DoubleBufferedEPOutHandler::_recv()
 .text._ZN26DoubleBufferedEPOutHandler9availableEv
                0x00004446        0xc C:\Users\henry\AppData\Local\arduino\sketches\189BF9529F72B492B229EFBC9A16A7B8/core\core.a(USBCore.cpp.o)
                0x00004446                DoubleBufferedEPOutHandler::available()
 .text._ZN26DoubleBufferedEPOutHandler4peekEv
                0x00004452       0x1c C:\Users\henry\AppData\Local\arduino\sketches\189BF9529F72B492B229EFBC9A16A7B8/core\core.a(USBCore.cpp.o)
                0x00004452                DoubleBufferedEPOutHandler::peek()
 .text._ZN26DoubleBufferedEPOutHandler4recvEPvm
                0x0000446e       0x60 C:\Users\henry\AppData\Local\arduino\sketches\189BF9529F72B492B229EFBC9A16A7B8/core\core.a(USBCore.cpp.o)
                0x0000446e                DoubleBufferedEPOutHandler::recv(void*, unsigned long)
 *fill*         0x000044ce        0x2 
 .text.startup._GLOBAL__sub_I_usbd
                0x000044d0       0x10 C:\Users\henry\AppData\Local\arduino\sketches\189BF9529F72B492B229EFBC9A16A7B8/core\core.a(USBCore.cpp.o)
 .text._ZN14USBDeviceClass4initEv
                0x000044e0      0x15c C:\Users\henry\AppData\Local\arduino\sketches\189BF9529F72B492B229EFBC9A16A7B8/core\core.a(USBCore.cpp.o)
                0x000044e0                USBDeviceClass::init()
 .text._ZN4UartcvbEv
                0x0000463c        0x4 C:\Users\henry\AppData\Local\arduino\sketches\189BF9529F72B492B229EFBC9A16A7B8/core\core.a(Uart.cpp.o)
                0x0000463c                Uart::operator bool()
 .text._ZN4Uart5beginEm
                0x00004640       0x10 C:\Users\henry\AppData\Local\arduino\sketches\189BF9529F72B492B229EFBC9A16A7B8/core\core.a(Uart.cpp.o)
                0x00004640                Uart::begin(unsigned long)
 .text._ZN4Uart9availableEv
                0x00004650        0x6 C:\Users\henry\AppData\Local\arduino\sketches\189BF9529F72B492B229EFBC9A16A7B8/core\core.a(Uart.cpp.o)
                0x00004650                Uart::available()
 .text._ZN4Uart17availableForWriteEv
                0x00004656       0x10 C:\Users\henry\AppData\Local\arduino\sketches\189BF9529F72B492B229EFBC9A16A7B8/core\core.a(Uart.cpp.o)
                0x00004656                Uart::availableForWrite()
 .text._ZN4Uart4peekEv
                0x00004666       0x18 C:\Users\henry\AppData\Local\arduino\sketches\189BF9529F72B492B229EFBC9A16A7B8/core\core.a(Uart.cpp.o)
                0x00004666                Uart::peek()
 .text._ZN4Uart3endEv
                0x0000467e       0x24 C:\Users\henry\AppData\Local\arduino\sketches\189BF9529F72B492B229EFBC9A16A7B8/core\core.a(Uart.cpp.o)
                0x0000467e                Uart::end()
 .text._ZN4Uart5flushEv
                0x000046a2       0x16 C:\Users\henry\AppData\Local\arduino\sketches\189BF9529F72B492B229EFBC9A16A7B8/core\core.a(Uart.cpp.o)
                0x000046a2                Uart::flush()
 .text._ZN4Uart16extractNbStopBitEt
                0x000046b8        0xc C:\Users\henry\AppData\Local\arduino\sketches\189BF9529F72B492B229EFBC9A16A7B8/core\core.a(Uart.cpp.o)
                0x000046b8                Uart::extractNbStopBit(unsigned short)
 .text._ZN4Uart15extractCharSizeEt
                0x000046c4       0x28 C:\Users\henry\AppData\Local\arduino\sketches\189BF9529F72B492B229EFBC9A16A7B8/core\core.a(Uart.cpp.o)
                0x000046c4                Uart::extractCharSize(unsigned short)
 .text._ZN4Uart13extractParityEt
                0x000046ec       0x14 C:\Users\henry\AppData\Local\arduino\sketches\189BF9529F72B492B229EFBC9A16A7B8/core\core.a(Uart.cpp.o)
                0x000046ec                Uart::extractParity(unsigned short)
 .text._ZN4Uart5beginEmt
                0x00004700       0xf8 C:\Users\henry\AppData\Local\arduino\sketches\189BF9529F72B492B229EFBC9A16A7B8/core\core.a(Uart.cpp.o)
                0x00004700                Uart::begin(unsigned long, unsigned short)
 .text._ZN7arduino11RingBufferNILi256EEC2Ev
                0x000047f8       0x1e C:\Users\henry\AppData\Local\arduino\sketches\189BF9529F72B492B229EFBC9A16A7B8/core\core.a(Uart.cpp.o)
                0x000047f8                arduino::RingBufferN<256>::RingBufferN()
                0x000047f8                arduino::RingBufferN<256>::RingBufferN()
 *fill*         0x00004816        0x2 
 .text._ZN4UartC2EP6SERCOMhh11SercomRXPad15SercomUartTXPad
                0x00004818       0x74 C:\Users\henry\AppData\Local\arduino\sketches\189BF9529F72B492B229EFBC9A16A7B8/core\core.a(Uart.cpp.o)
                0x00004818                Uart::Uart(SERCOM*, unsigned char, unsigned char, SercomRXPad, SercomUartTXPad)
                0x00004818                Uart::Uart(SERCOM*, unsigned char, unsigned char, SercomRXPad, SercomUartTXPad)
 .text._ZN7arduino15SafeRingBufferNILi256EE10store_charEh
                0x0000488c       0x4a C:\Users\henry\AppData\Local\arduino\sketches\189BF9529F72B492B229EFBC9A16A7B8/core\core.a(Uart.cpp.o)
                0x0000488c                arduino::SafeRingBufferN<256>::store_char(unsigned char)
 .text._ZN7arduino15SafeRingBufferNILi256EE9read_charEv
                0x000048d6       0x50 C:\Users\henry\AppData\Local\arduino\sketches\189BF9529F72B492B229EFBC9A16A7B8/core\core.a(Uart.cpp.o)
                0x000048d6                arduino::SafeRingBufferN<256>::read_char()
 .text._ZN4Uart10IrqHandlerEv
                0x00004926       0xa4 C:\Users\henry\AppData\Local\arduino\sketches\189BF9529F72B492B229EFBC9A16A7B8/core\core.a(Uart.cpp.o)
                0x00004926                Uart::IrqHandler()
 *fill*         0x000049ca        0x2 
 .text._ZN4Uart5writeEh
                0x000049cc       0x9c C:\Users\henry\AppData\Local\arduino\sketches\189BF9529F72B492B229EFBC9A16A7B8/core\core.a(Uart.cpp.o)
                0x000049cc                Uart::write(unsigned char)
 .text._ZN4Uart4readEv
                0x00004a68       0x34 C:\Users\henry\AppData\Local\arduino\sketches\189BF9529F72B492B229EFBC9A16A7B8/core\core.a(Uart.cpp.o)
                0x00004a68                Uart::read()
 .text._ZN7arduino13PluggableUSB_12getInterfaceEPh
                0x00004a9c       0x28 C:\Users\henry\AppData\Local\arduino\sketches\189BF9529F72B492B229EFBC9A16A7B8/core\core.a(PluggableUSB.cpp.o)
                0x00004a9c                arduino::PluggableUSB_::getInterface(unsigned char*)
 .text._ZN7arduino13PluggableUSB_13getDescriptorERNS_8USBSetupE
                0x00004ac4       0x20 C:\Users\henry\AppData\Local\arduino\sketches\189BF9529F72B492B229EFBC9A16A7B8/core\core.a(PluggableUSB.cpp.o)
                0x00004ac4                arduino::PluggableUSB_::getDescriptor(arduino::USBSetup&)
 .text._ZN7arduino13PluggableUSB_12getShortNameEPc
                0x00004ae4       0x1e C:\Users\henry\AppData\Local\arduino\sketches\189BF9529F72B492B229EFBC9A16A7B8/core\core.a(PluggableUSB.cpp.o)
                0x00004ae4                arduino::PluggableUSB_::getShortName(char*)
 .text._ZN7arduino13PluggableUSB_5setupERNS_8USBSetupE
                0x00004b02       0x20 C:\Users\henry\AppData\Local\arduino\sketches\189BF9529F72B492B229EFBC9A16A7B8/core\core.a(PluggableUSB.cpp.o)
                0x00004b02                arduino::PluggableUSB_::setup(arduino::USBSetup&)
 .text._ZN7arduino13PluggableUSB_4plugEPNS_18PluggableUSBModuleE
                0x00004b22       0x5c C:\Users\henry\AppData\Local\arduino\sketches\189BF9529F72B492B229EFBC9A16A7B8/core\core.a(PluggableUSB.cpp.o)
                0x00004b22                arduino::PluggableUSB_::plug(arduino::PluggableUSBModule*)
 *fill*         0x00004b7e        0x2 
 .text._Z12PluggableUSBv
                0x00004b80       0x24 C:\Users\henry\AppData\Local\arduino\sketches\189BF9529F72B492B229EFBC9A16A7B8/core\core.a(PluggableUSB.cpp.o)
                0x00004b80                PluggableUSB()
 .text._ZN7arduino5Print5writeEPKhj
                0x00004ba4       0x28 C:\Users\henry\AppData\Local\arduino\sketches\189BF9529F72B492B229EFBC9A16A7B8/core\core.a(Print.cpp.o)
                0x00004ba4                arduino::Print::write(unsigned char const*, unsigned int)
 .text._ZN7arduino5Print5writeEPKc.part.2
                0x00004bcc       0x1a C:\Users\henry\AppData\Local\arduino\sketches\189BF9529F72B492B229EFBC9A16A7B8/core\core.a(Print.cpp.o)
 .text._ZN7arduino5Print5writeEPKc
                0x00004be6       0x10 C:\Users\henry\AppData\Local\arduino\sketches\189BF9529F72B492B229EFBC9A16A7B8/core\core.a(Print.cpp.o)
                0x00004be6                arduino::Print::write(char const*)
 .text._ZN7arduino5Print5printEPKc
                0x00004bf6        0x8 C:\Users\henry\AppData\Local\arduino\sketches\189BF9529F72B492B229EFBC9A16A7B8/core\core.a(Print.cpp.o)
                0x00004bf6                arduino::Print::print(char const*)
 .text._ZN7arduino5Print5printEc
                0x00004bfe        0xa C:\Users\henry\AppData\Local\arduino\sketches\189BF9529F72B492B229EFBC9A16A7B8/core\core.a(Print.cpp.o)
                0x00004bfe                arduino::Print::print(char)
 .text._ZN7arduino5Print7printlnEv
                0x00004c08       0x10 C:\Users\henry\AppData\Local\arduino\sketches\189BF9529F72B492B229EFBC9A16A7B8/core\core.a(Print.cpp.o)
                0x00004c08                arduino::Print::println()
 .text._ZN7arduino5Print7printlnEPKc
                0x00004c18       0x14 C:\Users\henry\AppData\Local\arduino\sketches\189BF9529F72B492B229EFBC9A16A7B8/core\core.a(Print.cpp.o)
                0x00004c18                arduino::Print::println(char const*)
 .text._ZN7arduino5Print11printNumberEmh
                0x00004c2c       0x48 C:\Users\henry\AppData\Local\arduino\sketches\189BF9529F72B492B229EFBC9A16A7B8/core\core.a(Print.cpp.o)
                0x00004c2c                arduino::Print::printNumber(unsigned long, unsigned char)
 .text._ZN7arduino5Print5printEli
                0x00004c74       0x3e C:\Users\henry\AppData\Local\arduino\sketches\189BF9529F72B492B229EFBC9A16A7B8/core\core.a(Print.cpp.o)
                0x00004c74                arduino::Print::print(long, int)
 .text._ZN7arduino5Print5printEii
                0x00004cb2        0x8 C:\Users\henry\AppData\Local\arduino\sketches\189BF9529F72B492B229EFBC9A16A7B8/core\core.a(Print.cpp.o)
                0x00004cb2                arduino::Print::print(int, int)
 .text._ZN7arduino5Print7printlnEii
                0x00004cba       0x14 C:\Users\henry\AppData\Local\arduino\sketches\189BF9529F72B492B229EFBC9A16A7B8/core\core.a(Print.cpp.o)
                0x00004cba                arduino::Print::println(int, int)
 *fill*         0x00004cce        0x2 
 .text._ZN7arduino5Print10printFloatEdi
                0x00004cd0      0x170 C:\Users\henry\AppData\Local\arduino\sketches\189BF9529F72B492B229EFBC9A16A7B8/core\core.a(Print.cpp.o)
                0x00004cd0                arduino::Print::printFloat(double, int)
 .text._ZN7arduino5Print5printEdi
                0x00004e40        0xc C:\Users\henry\AppData\Local\arduino\sketches\189BF9529F72B492B229EFBC9A16A7B8/core\core.a(Print.cpp.o)
                0x00004e40                arduino::Print::print(double, int)
 .text._ZN7arduino6StringD2Ev
                0x00004e4c       0x12 C:\Users\henry\AppData\Local\arduino\sketches\189BF9529F72B492B229EFBC9A16A7B8/core\core.a(String.cpp.o)
                0x00004e4c                arduino::String::~String()
                0x00004e4c                arduino::String::~String()
 .text._ZN7arduino6String10invalidateEv
                0x00004e5e       0x18 C:\Users\henry\AppData\Local\arduino\sketches\189BF9529F72B492B229EFBC9A16A7B8/core\core.a(String.cpp.o)
                0x00004e5e                arduino::String::invalidate()
 .text._ZN7arduino6String12changeBufferEj
                0x00004e76       0x18 C:\Users\henry\AppData\Local\arduino\sketches\189BF9529F72B492B229EFBC9A16A7B8/core\core.a(String.cpp.o)
                0x00004e76                arduino::String::changeBuffer(unsigned int)
 .text._ZN7arduino6String7reserveEj
                0x00004e8e       0x2a C:\Users\henry\AppData\Local\arduino\sketches\189BF9529F72B492B229EFBC9A16A7B8/core\core.a(String.cpp.o)
                0x00004e8e                arduino::String::reserve(unsigned int)
 .text._ZN7arduino6String4copyEPKcj
                0x00004eb8       0x32 C:\Users\henry\AppData\Local\arduino\sketches\189BF9529F72B492B229EFBC9A16A7B8/core\core.a(String.cpp.o)
                0x00004eb8                arduino::String::copy(char const*, unsigned int)
 .text._ZN7arduino6StringC2EPKc
                0x00004eea       0x26 C:\Users\henry\AppData\Local\arduino\sketches\189BF9529F72B492B229EFBC9A16A7B8/core\core.a(String.cpp.o)
                0x00004eea                arduino::String::String(char const*)
                0x00004eea                arduino::String::String(char const*)
 .text._ZN7arduino6StringaSEPKc.part.4
                0x00004f10       0x18 C:\Users\henry\AppData\Local\arduino\sketches\189BF9529F72B492B229EFBC9A16A7B8/core\core.a(String.cpp.o)
 .text._ZN7arduino6StringaSEPKc
                0x00004f28       0x16 C:\Users\henry\AppData\Local\arduino\sketches\189BF9529F72B492B229EFBC9A16A7B8/core\core.a(String.cpp.o)
                0x00004f28                arduino::String::operator=(char const*)
 .text._ZN7arduino6String6concatEPKcj
                0x00004f3e       0x3e C:\Users\henry\AppData\Local\arduino\sketches\189BF9529F72B492B229EFBC9A16A7B8/core\core.a(String.cpp.o)
                0x00004f3e                arduino::String::concat(char const*, unsigned int)
 .text._ZN7arduino6String6concatEc
                0x00004f7c       0x12 C:\Users\henry\AppData\Local\arduino\sketches\189BF9529F72B492B229EFBC9A16A7B8/core\core.a(String.cpp.o)
                0x00004f7c                arduino::String::concat(char)
 .text._ZNK7arduino6String16equalsIgnoreCaseERKS0_
                0x00004f8e       0x40 C:\Users\henry\AppData\Local\arduino\sketches\189BF9529F72B492B229EFBC9A16A7B8/core\core.a(String.cpp.o)
                0x00004f8e                arduino::String::equalsIgnoreCase(arduino::String const&) const
 .text._ZNK7arduino6StringixEj
                0x00004fce       0x14 C:\Users\henry\AppData\Local\arduino\sketches\189BF9529F72B492B229EFBC9A16A7B8/core\core.a(String.cpp.o)
                0x00004fce                arduino::String::operator[](unsigned int) const
 .text._ZNK7arduino6String6charAtEj
                0x00004fe2        0x8 C:\Users\henry\AppData\Local\arduino\sketches\189BF9529F72B492B229EFBC9A16A7B8/core\core.a(String.cpp.o)
                0x00004fe2                arduino::String::charAt(unsigned int) const
 .text._ZNK7arduino6String7indexOfEcj
                0x00004fea       0x1e C:\Users\henry\AppData\Local\arduino\sketches\189BF9529F72B492B229EFBC9A16A7B8/core\core.a(String.cpp.o)
                0x00004fea                arduino::String::indexOf(char, unsigned int) const
 .text._ZNK7arduino6String7indexOfEc
                0x00005008        0xa C:\Users\henry\AppData\Local\arduino\sketches\189BF9529F72B492B229EFBC9A16A7B8/core\core.a(String.cpp.o)
                0x00005008                arduino::String::indexOf(char) const
 *fill*         0x00005012        0x2 
 .text._ZNK7arduino6String9substringEjj
                0x00005014       0x3c C:\Users\henry\AppData\Local\arduino\sketches\189BF9529F72B492B229EFBC9A16A7B8/core\core.a(String.cpp.o)
                0x00005014                arduino::String::substring(unsigned int, unsigned int) const
 .text._ZN7arduino6String4trimEv
                0x00005050       0x52 C:\Users\henry\AppData\Local\arduino\sketches\189BF9529F72B492B229EFBC9A16A7B8/core\core.a(String.cpp.o)
                0x00005050                arduino::String::trim()
 .text._ZNK7arduino6String8toDoubleEv
                0x000050a2       0x14 C:\Users\henry\AppData\Local\arduino\sketches\189BF9529F72B492B229EFBC9A16A7B8/core\core.a(String.cpp.o)
                0x000050a2                arduino::String::toDouble() const
 .text._ZNK7arduino6String7toFloatEv
                0x000050b6        0xc C:\Users\henry\AppData\Local\arduino\sketches\189BF9529F72B492B229EFBC9A16A7B8/core\core.a(String.cpp.o)
                0x000050b6                arduino::String::toFloat() const
 .text.Dummy_Handler
                0x000050c2        0x2 C:\Users\henry\AppData\Local\arduino\sketches\189BF9529F72B492B229EFBC9A16A7B8/core\core.a(cortex_handlers.c.o)
                0x000050c2                DMAC_Handler
                0x000050c2                HardFault_Handler
                0x000050c2                AC_Handler
                0x000050c2                PendSV_Handler
                0x000050c2                NMI_Handler
                0x000050c2                TC7_Handler
                0x000050c2                SERCOM1_Handler
                0x000050c2                ADC_Handler
                0x000050c2                TCC1_Handler
                0x000050c2                SERCOM2_Handler
                0x000050c2                TCC0_Handler
                0x000050c2                RTC_Handler
                0x000050c2                EIC_Handler
                0x000050c2                TC6_Handler
                0x000050c2                WDT_Handler
                0x000050c2                TC4_Handler
                0x000050c2                TC3_Handler
                0x000050c2                Dummy_Handler
                0x000050c2                PM_Handler
                0x000050c2                SVC_Handler
                0x000050c2                TCC2_Handler
                0x000050c2                EVSYS_Handler
                0x000050c2                SERCOM3_Handler
                0x000050c2                SERCOM4_Handler
                0x000050c2                I2S_Handler
                0x000050c2                NVMCTRL_Handler
                0x000050c2                SERCOM0_Handler
                0x000050c2                DAC_Handler
                0x000050c2                PTC_Handler
                0x000050c2                SYSCTRL_Handler
 .text.USB_Handler
                0x000050c4       0x14 C:\Users\henry\AppData\Local\arduino\sketches\189BF9529F72B492B229EFBC9A16A7B8/core\core.a(cortex_handlers.c.o)
                0x000050c4                USB_Handler
 .text.Reset_Handler
                0x000050d8       0x54 C:\Users\henry\AppData\Local\arduino\sketches\189BF9529F72B492B229EFBC9A16A7B8/core\core.a(cortex_handlers.c.o)
                0x000050d8                Reset_Handler
 .text.SysTick_Handler
                0x0000512c       0x10 C:\Users\henry\AppData\Local\arduino\sketches\189BF9529F72B492B229EFBC9A16A7B8/core\core.a(cortex_handlers.c.o)
                0x0000512c                SysTick_Handler
 .text.USB_SetHandler
                0x0000513c        0xc C:\Users\henry\AppData\Local\arduino\sketches\189BF9529F72B492B229EFBC9A16A7B8/core\core.a(cortex_handlers.c.o)
                0x0000513c                USB_SetHandler
 .text.millis   0x00005148        0xc C:\Users\henry\AppData\Local\arduino\sketches\189BF9529F72B492B229EFBC9A16A7B8/core\core.a(delay.c.o)
                0x00005148                millis
 .text.micros   0x00005154       0x60 C:\Users\henry\AppData\Local\arduino\sketches\189BF9529F72B492B229EFBC9A16A7B8/core\core.a(delay.c.o)
                0x00005154                micros
 .text.delay    0x000051b4       0x30 C:\Users\henry\AppData\Local\arduino\sketches\189BF9529F72B492B229EFBC9A16A7B8/core\core.a(delay.c.o)
                0x000051b4                delay
 .text.SysTick_DefaultHandler
                0x000051e4       0x14 C:\Users\henry\AppData\Local\arduino\sketches\189BF9529F72B492B229EFBC9A16A7B8/core\core.a(delay.c.o)
                0x000051e4                SysTick_DefaultHandler
 .text.__empty  0x000051f8        0x2 C:\Users\henry\AppData\Local\arduino\sketches\189BF9529F72B492B229EFBC9A16A7B8/core\core.a(hooks.c.o)
                0x000051f8                yield
 .text.__false  0x000051fa        0x4 C:\Users\henry\AppData\Local\arduino\sketches\189BF9529F72B492B229EFBC9A16A7B8/core\core.a(hooks.c.o)
                0x000051fa                sysTickHook
 .text.initVariant
                0x000051fe        0x2 C:\Users\henry\AppData\Local\arduino\sketches\189BF9529F72B492B229EFBC9A16A7B8/core\core.a(main.cpp.o)
                0x000051fe                initVariant
 .text.startup.main
                0x00005200       0x40 C:\Users\henry\AppData\Local\arduino\sketches\189BF9529F72B492B229EFBC9A16A7B8/core\core.a(main.cpp.o)
                0x00005200                main
 .text._Znwj    0x00005240        0x8 C:\Users\henry\AppData\Local\arduino\sketches\189BF9529F72B492B229EFBC9A16A7B8/core\core.a(new.cpp.o)
                0x00005240                operator new(unsigned int)
 .text._ZdlPv   0x00005248        0x8 C:\Users\henry\AppData\Local\arduino\sketches\189BF9529F72B492B229EFBC9A16A7B8/core\core.a(new.cpp.o)
                0x00005248                operator delete(void*)
 .text.SystemInit
                0x00005250      0x160 C:\Users\henry\AppData\Local\arduino\sketches\189BF9529F72B492B229EFBC9A16A7B8/core\core.a(startup.c.o)
                0x00005250                SystemInit
 .text.init     0x000053b0       0xf0 C:\Users\henry\AppData\Local\arduino\sketches\189BF9529F72B492B229EFBC9A16A7B8/core\core.a(wiring.c.o)
                0x000053b0                init
 .text.mapResolution
                0x000054a0       0x12 C:\Users\henry\AppData\Local\arduino\sketches\189BF9529F72B492B229EFBC9A16A7B8/core\core.a(wiring_analog.c.o)
 *fill*         0x000054b2        0x2 
 .text.analogReference
                0x000054b4       0x64 C:\Users\henry\AppData\Local\arduino\sketches\189BF9529F72B492B229EFBC9A16A7B8/core\core.a(wiring_analog.c.o)
                0x000054b4                analogReference
 .text.analogRead
                0x00005518       0xdc C:\Users\henry\AppData\Local\arduino\sketches\189BF9529F72B492B229EFBC9A16A7B8/core\core.a(wiring_analog.c.o)
                0x00005518                analogRead
 .text.pinMode  0x000055f4       0x98 C:\Users\henry\AppData\Local\arduino\sketches\189BF9529F72B492B229EFBC9A16A7B8/core\core.a(wiring_digital.c.o)
                0x000055f4                pinMode
 .text.digitalWrite
                0x0000568c       0x58 C:\Users\henry\AppData\Local\arduino\sketches\189BF9529F72B492B229EFBC9A16A7B8/core\core.a(wiring_digital.c.o)
                0x0000568c                digitalWrite
 .text.pinPeripheral
                0x000056e4       0xc0 C:\Users\henry\AppData\Local\arduino\sketches\189BF9529F72B492B229EFBC9A16A7B8/core\core.a(wiring_private.c.o)
                0x000056e4                pinPeripheral
 .text.initiateReset
                0x000057a4       0x14 C:\Users\henry\AppData\Local\arduino\sketches\189BF9529F72B492B229EFBC9A16A7B8/core\core.a(Reset.cpp.o)
                0x000057a4                initiateReset
 .text.cancelReset
                0x000057b8       0x10 C:\Users\henry\AppData\Local\arduino\sketches\189BF9529F72B492B229EFBC9A16A7B8/core\core.a(Reset.cpp.o)
                0x000057b8                cancelReset
 .text.tickReset
                0x000057c8       0x78 C:\Users\henry\AppData\Local\arduino\sketches\189BF9529F72B492B229EFBC9A16A7B8/core\core.a(Reset.cpp.o)
                0x000057c8                tickReset
 .text.__aeabi_atexit
                0x00005840        0xe c:/users/henry/appdata/local/arduino15/packages/arduino/tools/arm-none-eabi-gcc/7-2017q4/bin/../lib/gcc/arm-none-eabi/7.2.1/../../../../arm-none-eabi/lib/thumb/v6-m\libstdc++_nano.a(atexit_arm.o)
                0x00005840                __aeabi_atexit
 *fill*         0x0000584e        0x2 
 .text          0x00005850       0x14 c:/users/henry/appdata/local/arduino15/packages/arduino/tools/arm-none-eabi-gcc/7-2017q4/bin/../lib/gcc/arm-none-eabi/7.2.1/thumb/v6-m\libgcc.a(_thumb1_case_uqi.o)
                0x00005850                __gnu_thumb1_case_uqi
 .text          0x00005864      0x114 c:/users/henry/appdata/local/arduino15/packages/arduino/tools/arm-none-eabi-gcc/7-2017q4/bin/../lib/gcc/arm-none-eabi/7.2.1/thumb/v6-m\libgcc.a(_udivsi3.o)
                0x00005864                __aeabi_uidiv
                0x00005864                __udivsi3
                0x00005970                __aeabi_uidivmod
 .text          0x00005978      0x1d4 c:/users/henry/appdata/local/arduino15/packages/arduino/tools/arm-none-eabi-gcc/7-2017q4/bin/../lib/gcc/arm-none-eabi/7.2.1/thumb/v6-m\libgcc.a(_divsi3.o)
                0x00005978                __divsi3
                0x00005978                __aeabi_idiv
                0x00005b44                __aeabi_idivmod
 .text          0x00005b4c        0x4 c:/users/henry/appdata/local/arduino15/packages/arduino/tools/arm-none-eabi-gcc/7-2017q4/bin/../lib/gcc/arm-none-eabi/7.2.1/thumb/v6-m\libgcc.a(_dvmd_tls.o)
                0x00005b4c                __aeabi_idiv0
                0x00005b4c                __aeabi_ldiv0
 .text          0x00005b50       0x7c c:/users/henry/appdata/local/arduino15/packages/arduino/tools/arm-none-eabi-gcc/7-2017q4/bin/../lib/gcc/arm-none-eabi/7.2.1/thumb/v6-m\libgcc.a(_arm_cmpdf2.o)
                0x00005b50                __aeabi_cdrcmple
                0x00005b60                __aeabi_cdcmple
                0x00005b60                __aeabi_cdcmpeq
                0x00005b70                __aeabi_dcmpeq
                0x00005b7c                __aeabi_dcmplt
                0x00005b90                __aeabi_dcmple
                0x00005ba4                __aeabi_dcmpgt
                0x00005bb8                __aeabi_dcmpge
 .text          0x00005bcc       0x74 c:/users/henry/appdata/local/arduino15/packages/arduino/tools/arm-none-eabi-gcc/7-2017q4/bin/../lib/gcc/arm-none-eabi/7.2.1/thumb/v6-m\libgcc.a(_arm_cmpsf2.o)
                0x00005bcc                __aeabi_cfrcmple
                0x00005bd4                __aeabi_cfcmpeq
                0x00005bd4                __aeabi_cfcmple
                0x00005be4                __aeabi_fcmpeq
                0x00005bf0                __aeabi_fcmplt
                0x00005c04                __aeabi_fcmple
                0x00005c18                __aeabi_fcmpgt
                0x00005c2c                __aeabi_fcmpge
 .text          0x00005c40       0x3c c:/users/henry/appdata/local/arduino15/packages/arduino/tools/arm-none-eabi-gcc/7-2017q4/bin/../lib/gcc/arm-none-eabi/7.2.1/thumb/v6-m\libgcc.a(_fixunsdfsi.o)
                0x00005c40                __aeabi_d2uiz
                0x00005c40                __fixunsdfsi
 .text          0x00005c7c      0x334 c:/users/henry/appdata/local/arduino15/packages/arduino/tools/arm-none-eabi-gcc/7-2017q4/bin/../lib/gcc/arm-none-eabi/7.2.1/thumb/v6-m\libgcc.a(addsf3.o)
                0x00005c7c                __aeabi_fadd
 .text          0x00005fb0      0x224 c:/users/henry/appdata/local/arduino15/packages/arduino/tools/arm-none-eabi-gcc/7-2017q4/bin/../lib/gcc/arm-none-eabi/7.2.1/thumb/v6-m\libgcc.a(divsf3.o)
                0x00005fb0                __aeabi_fdiv
 .text          0x000061d4       0x50 c:/users/henry/appdata/local/arduino15/packages/arduino/tools/arm-none-eabi-gcc/7-2017q4/bin/../lib/gcc/arm-none-eabi/7.2.1/thumb/v6-m\libgcc.a(eqsf2.o)
                0x000061d4                __eqsf2
                0x000061d4                __nesf2
 .text          0x00006224       0x9c c:/users/henry/appdata/local/arduino15/packages/arduino/tools/arm-none-eabi-gcc/7-2017q4/bin/../lib/gcc/arm-none-eabi/7.2.1/thumb/v6-m\libgcc.a(gesf2.o)
                0x00006224                __gesf2
                0x00006224                __gtsf2
 .text          0x000062c0       0xa0 c:/users/henry/appdata/local/arduino15/packages/arduino/tools/arm-none-eabi-gcc/7-2017q4/bin/../lib/gcc/arm-none-eabi/7.2.1/thumb/v6-m\libgcc.a(lesf2.o)
                0x000062c0                __ltsf2
                0x000062c0                __lesf2
 .text          0x00006360      0x264 c:/users/henry/appdata/local/arduino15/packages/arduino/tools/arm-none-eabi-gcc/7-2017q4/bin/../lib/gcc/arm-none-eabi/7.2.1/thumb/v6-m\libgcc.a(mulsf3.o)
                0x00006360                __aeabi_fmul
 .text          0x000065c4      0x388 c:/users/henry/appdata/local/arduino15/packages/arduino/tools/arm-none-eabi-gcc/7-2017q4/bin/../lib/gcc/arm-none-eabi/7.2.1/thumb/v6-m\libgcc.a(subsf3.o)
                0x000065c4                __aeabi_fsub
 .text          0x0000694c       0x40 c:/users/henry/appdata/local/arduino15/packages/arduino/tools/arm-none-eabi-gcc/7-2017q4/bin/../lib/gcc/arm-none-eabi/7.2.1/thumb/v6-m\libgcc.a(fixsfsi.o)
                0x0000694c                __aeabi_f2iz
 .text          0x0000698c       0x94 c:/users/henry/appdata/local/arduino15/packages/arduino/tools/arm-none-eabi-gcc/7-2017q4/bin/../lib/gcc/arm-none-eabi/7.2.1/thumb/v6-m\libgcc.a(floatsisf.o)
                0x0000698c                __aeabi_i2f
 .text          0x00006a20      0x638 c:/users/henry/appdata/local/arduino15/packages/arduino/tools/arm-none-eabi-gcc/7-2017q4/bin/../lib/gcc/arm-none-eabi/7.2.1/thumb/v6-m\libgcc.a(adddf3.o)
                0x00006a20                __aeabi_dadd
 .text          0x00007058      0x604 c:/users/henry/appdata/local/arduino15/packages/arduino/tools/arm-none-eabi-gcc/7-2017q4/bin/../lib/gcc/arm-none-eabi/7.2.1/thumb/v6-m\libgcc.a(divdf3.o)
                0x00007058                __aeabi_ddiv
 .text          0x0000765c       0x78 c:/users/henry/appdata/local/arduino15/packages/arduino/tools/arm-none-eabi-gcc/7-2017q4/bin/../lib/gcc/arm-none-eabi/7.2.1/thumb/v6-m\libgcc.a(eqdf2.o)
                0x0000765c                __nedf2
                0x0000765c                __eqdf2
 .text          0x000076d4       0xc8 c:/users/henry/appdata/local/arduino15/packages/arduino/tools/arm-none-eabi-gcc/7-2017q4/bin/../lib/gcc/arm-none-eabi/7.2.1/thumb/v6-m\libgcc.a(gedf2.o)
                0x000076d4                __gedf2
                0x000076d4                __gtdf2
 .text          0x0000779c       0xd0 c:/users/henry/appdata/local/arduino15/packages/arduino/tools/arm-none-eabi-gcc/7-2017q4/bin/../lib/gcc/arm-none-eabi/7.2.1/thumb/v6-m\libgcc.a(ledf2.o)
                0x0000779c                __ledf2
                0x0000779c                __ltdf2
 .text          0x0000786c      0x4e4 c:/users/henry/appdata/local/arduino15/packages/arduino/tools/arm-none-eabi-gcc/7-2017q4/bin/../lib/gcc/arm-none-eabi/7.2.1/thumb/v6-m\libgcc.a(muldf3.o)
                0x0000786c                __aeabi_dmul
 .text          0x00007d50      0x690 c:/users/henry/appdata/local/arduino15/packages/arduino/tools/arm-none-eabi-gcc/7-2017q4/bin/../lib/gcc/arm-none-eabi/7.2.1/thumb/v6-m\libgcc.a(subdf3.o)
                0x00007d50                __aeabi_dsub
 .text          0x000083e0       0x38 c:/users/henry/appdata/local/arduino15/packages/arduino/tools/arm-none-eabi-gcc/7-2017q4/bin/../lib/gcc/arm-none-eabi/7.2.1/thumb/v6-m\libgcc.a(unorddf2.o)
                0x000083e0                __aeabi_dcmpun
 .text          0x00008418       0x6c c:/users/henry/appdata/local/arduino15/packages/arduino/tools/arm-none-eabi-gcc/7-2017q4/bin/../lib/gcc/arm-none-eabi/7.2.1/thumb/v6-m\libgcc.a(fixdfsi.o)
                0x00008418                __aeabi_d2iz
 .text          0x00008484       0x64 c:/users/henry/appdata/local/arduino15/packages/arduino/tools/arm-none-eabi-gcc/7-2017q4/bin/../lib/gcc/arm-none-eabi/7.2.1/thumb/v6-m\libgcc.a(floatunsidf.o)
                0x00008484                __aeabi_ui2d
 .text          0x000084e8       0xa4 c:/users/henry/appdata/local/arduino15/packages/arduino/tools/arm-none-eabi-gcc/7-2017q4/bin/../lib/gcc/arm-none-eabi/7.2.1/thumb/v6-m\libgcc.a(extendsfdf2.o)
                0x000084e8                __aeabi_f2d
 .text          0x0000858c      0x108 c:/users/henry/appdata/local/arduino15/packages/arduino/tools/arm-none-eabi-gcc/7-2017q4/bin/../lib/gcc/arm-none-eabi/7.2.1/thumb/v6-m\libgcc.a(truncdfsf2.o)
                0x0000858c                __aeabi_d2f
 .text          0x00008694       0x3c c:/users/henry/appdata/local/arduino15/packages/arduino/tools/arm-none-eabi-gcc/7-2017q4/bin/../lib/gcc/arm-none-eabi/7.2.1/thumb/v6-m\libgcc.a(_clzsi2.o)
                0x00008694                __clzsi2
 .text.atof     0x000086d0        0xa c:/users/henry/appdata/local/arduino15/packages/arduino/tools/arm-none-eabi-gcc/7-2017q4/bin/../lib/gcc/arm-none-eabi/7.2.1/../../../../arm-none-eabi/lib/thumb/v6-m\libc_nano.a(lib_a-atof.o)
                0x000086d0                atof
 *fill*         0x000086da        0x2 
 .text.__cxa_atexit
                0x000086dc       0x1c c:/users/henry/appdata/local/arduino15/packages/arduino/tools/arm-none-eabi-gcc/7-2017q4/bin/../lib/gcc/arm-none-eabi/7.2.1/../../../../arm-none-eabi/lib/thumb/v6-m\libc_nano.a(lib_a-cxa_atexit.o)
                0x000086dc                __cxa_atexit
 .text.__libc_init_array
                0x000086f8       0x48 c:/users/henry/appdata/local/arduino15/packages/arduino/tools/arm-none-eabi-gcc/7-2017q4/bin/../lib/gcc/arm-none-eabi/7.2.1/../../../../arm-none-eabi/lib/thumb/v6-m\libc_nano.a(lib_a-init.o)
                0x000086f8                __libc_init_array
 .text.isspace  0x00008740       0x12 c:/users/henry/appdata/local/arduino15/packages/arduino/tools/arm-none-eabi-gcc/7-2017q4/bin/../lib/gcc/arm-none-eabi/7.2.1/../../../../arm-none-eabi/lib/thumb/v6-m\libc_nano.a(lib_a-isspace.o)
                0x00008740                isspace
 *fill*         0x00008752        0x2 
 .text.__locale_ctype_ptr
                0x00008754       0x1c c:/users/henry/appdata/local/arduino15/packages/arduino/tools/arm-none-eabi-gcc/7-2017q4/bin/../lib/gcc/arm-none-eabi/7.2.1/../../../../arm-none-eabi/lib/thumb/v6-m\libc_nano.a(lib_a-locale.o)
                0x00008754                __locale_ctype_ptr
 .text.malloc   0x00008770       0x14 c:/users/henry/appdata/local/arduino15/packages/arduino/tools/arm-none-eabi-gcc/7-2017q4/bin/../lib/gcc/arm-none-eabi/7.2.1/../../../../arm-none-eabi/lib/thumb/v6-m\libc_nano.a(lib_a-malloc.o)
                0x00008770                malloc
 .text.free     0x00008784       0x14 c:/users/henry/appdata/local/arduino15/packages/arduino/tools/arm-none-eabi-gcc/7-2017q4/bin/../lib/gcc/arm-none-eabi/7.2.1/../../../../arm-none-eabi/lib/thumb/v6-m\libc_nano.a(lib_a-malloc.o)
                0x00008784                free
 .text.__ascii_mbtowc
                0x00008798       0x24 c:/users/henry/appdata/local/arduino15/packages/arduino/tools/arm-none-eabi-gcc/7-2017q4/bin/../lib/gcc/arm-none-eabi/7.2.1/../../../../arm-none-eabi/lib/thumb/v6-m\libc_nano.a(lib_a-mbtowc_r.o)
                0x00008798                __ascii_mbtowc
 .text.memcpy   0x000087bc       0x12 c:/users/henry/appdata/local/arduino15/packages/arduino/tools/arm-none-eabi-gcc/7-2017q4/bin/../lib/gcc/arm-none-eabi/7.2.1/../../../../arm-none-eabi/lib/thumb/v6-m\libc_nano.a(lib_a-memcpy-stub.o)
                0x000087bc                memcpy
 .text.memmove  0x000087ce       0x26 c:/users/henry/appdata/local/arduino15/packages/arduino/tools/arm-none-eabi-gcc/7-2017q4/bin/../lib/gcc/arm-none-eabi/7.2.1/../../../../arm-none-eabi/lib/thumb/v6-m\libc_nano.a(lib_a-memmove.o)
                0x000087ce                memmove
 .text.memset   0x000087f4       0x10 c:/users/henry/appdata/local/arduino15/packages/arduino/tools/arm-none-eabi-gcc/7-2017q4/bin/../lib/gcc/arm-none-eabi/7.2.1/../../../../arm-none-eabi/lib/thumb/v6-m\libc_nano.a(lib_a-memset.o)
                0x000087f4                memset
 .text._free_r  0x00008804       0x94 c:/users/henry/appdata/local/arduino15/packages/arduino/tools/arm-none-eabi-gcc/7-2017q4/bin/../lib/gcc/arm-none-eabi/7.2.1/../../../../arm-none-eabi/lib/thumb/v6-m\libc_nano.a(lib_a-nano-freer.o)
                0x00008804                _free_r
 .text._malloc_r
                0x00008898       0xbc c:/users/henry/appdata/local/arduino15/packages/arduino/tools/arm-none-eabi-gcc/7-2017q4/bin/../lib/gcc/arm-none-eabi/7.2.1/../../../../arm-none-eabi/lib/thumb/v6-m\libc_nano.a(lib_a-nano-mallocr.o)
                0x00008898                _malloc_r
 .text.realloc  0x00008954       0x14 c:/users/henry/appdata/local/arduino15/packages/arduino/tools/arm-none-eabi-gcc/7-2017q4/bin/../lib/gcc/arm-none-eabi/7.2.1/../../../../arm-none-eabi/lib/thumb/v6-m\libc_nano.a(lib_a-realloc.o)
                0x00008954                realloc
 .text._sbrk_r  0x00008968       0x24 c:/users/henry/appdata/local/arduino15/packages/arduino/tools/arm-none-eabi-gcc/7-2017q4/bin/../lib/gcc/arm-none-eabi/7.2.1/../../../../arm-none-eabi/lib/thumb/v6-m\libc_nano.a(lib_a-sbrkr.o)
                0x00008968                _sbrk_r
 .text.strchr   0x0000898c       0x1c c:/users/henry/appdata/local/arduino15/packages/arduino/tools/arm-none-eabi-gcc/7-2017q4/bin/../lib/gcc/arm-none-eabi/7.2.1/../../../../arm-none-eabi/lib/thumb/v6-m\libc_nano.a(lib_a-strchr.o)
                0x0000898c                strchr
 .text          0x000089a8        0xe c:/users/henry/appdata/local/arduino15/packages/arduino/tools/arm-none-eabi-gcc/7-2017q4/bin/../lib/gcc/arm-none-eabi/7.2.1/../../../../arm-none-eabi/lib/thumb/v6-m\libc_nano.a(lib_a-strlen.o)
                0x000089a8                strlen
 .text.strncmp  0x000089b6       0x22 c:/users/henry/appdata/local/arduino15/packages/arduino/tools/arm-none-eabi-gcc/7-2017q4/bin/../lib/gcc/arm-none-eabi/7.2.1/../../../../arm-none-eabi/lib/thumb/v6-m\libc_nano.a(lib_a-strncmp.o)
                0x000089b6                strncmp
 .text.unlikely.sulp
                0x000089d8       0x30 c:/users/henry/appdata/local/arduino15/packages/arduino/tools/arm-none-eabi-gcc/7-2017q4/bin/../lib/gcc/arm-none-eabi/7.2.1/../../../../arm-none-eabi/lib/thumb/v6-m\libc_nano.a(lib_a-strtod.o)
 .text._strtod_l
                0x00008a08      0xc50 c:/users/henry/appdata/local/arduino15/packages/arduino/tools/arm-none-eabi-gcc/7-2017q4/bin/../lib/gcc/arm-none-eabi/7.2.1/../../../../arm-none-eabi/lib/thumb/v6-m\libc_nano.a(lib_a-strtod.o)
                0x00008a08                _strtod_l
 .text.strtod   0x00009658       0x24 c:/users/henry/appdata/local/arduino15/packages/arduino/tools/arm-none-eabi-gcc/7-2017q4/bin/../lib/gcc/arm-none-eabi/7.2.1/../../../../arm-none-eabi/lib/thumb/v6-m\libc_nano.a(lib_a-strtod.o)
                0x00009658                strtod
 .text.tolower  0x0000967c       0x1a c:/users/henry/appdata/local/arduino15/packages/arduino/tools/arm-none-eabi-gcc/7-2017q4/bin/../lib/gcc/arm-none-eabi/7.2.1/../../../../arm-none-eabi/lib/thumb/v6-m\libc_nano.a(lib_a-tolower.o)
                0x0000967c                tolower
 .text.__ascii_wctomb
                0x00009696       0x18 c:/users/henry/appdata/local/arduino15/packages/arduino/tools/arm-none-eabi-gcc/7-2017q4/bin/../lib/gcc/arm-none-eabi/7.2.1/../../../../arm-none-eabi/lib/thumb/v6-m\libc_nano.a(lib_a-wctomb_r.o)
                0x00009696                __ascii_wctomb
 .text.rshift   0x000096ae       0x68 c:/users/henry/appdata/local/arduino15/packages/arduino/tools/arm-none-eabi-gcc/7-2017q4/bin/../lib/gcc/arm-none-eabi/7.2.1/../../../../arm-none-eabi/lib/thumb/v6-m\libc_nano.a(lib_a-gdtoa-gethex.o)
 .text.__hexdig_fun
                0x00009716       0x2a c:/users/henry/appdata/local/arduino15/packages/arduino/tools/arm-none-eabi-gcc/7-2017q4/bin/../lib/gcc/arm-none-eabi/7.2.1/../../../../arm-none-eabi/lib/thumb/v6-m\libc_nano.a(lib_a-gdtoa-gethex.o)
                0x00009716                __hexdig_fun
 .text.__gethex
                0x00009740      0x456 c:/users/henry/appdata/local/arduino15/packages/arduino/tools/arm-none-eabi-gcc/7-2017q4/bin/../lib/gcc/arm-none-eabi/7.2.1/../../../../arm-none-eabi/lib/thumb/v6-m\libc_nano.a(lib_a-gdtoa-gethex.o)
                0x00009740                __gethex
 .text.L_shift  0x00009b96       0x24 c:/users/henry/appdata/local/arduino15/packages/arduino/tools/arm-none-eabi-gcc/7-2017q4/bin/../lib/gcc/arm-none-eabi/7.2.1/../../../../arm-none-eabi/lib/thumb/v6-m\libc_nano.a(lib_a-gdtoa-hexnan.o)
 .text.__match  0x00009bba       0x28 c:/users/henry/appdata/local/arduino15/packages/arduino/tools/arm-none-eabi-gcc/7-2017q4/bin/../lib/gcc/arm-none-eabi/7.2.1/../../../../arm-none-eabi/lib/thumb/v6-m\libc_nano.a(lib_a-gdtoa-hexnan.o)
                0x00009bba                __match
 .text.__hexnan
                0x00009be2      0x12e c:/users/henry/appdata/local/arduino15/packages/arduino/tools/arm-none-eabi-gcc/7-2017q4/bin/../lib/gcc/arm-none-eabi/7.2.1/../../../../arm-none-eabi/lib/thumb/v6-m\libc_nano.a(lib_a-gdtoa-hexnan.o)
                0x00009be2                __hexnan
 .text.__localeconv_l
                0x00009d10        0x4 c:/users/henry/appdata/local/arduino15/packages/arduino/tools/arm-none-eabi-gcc/7-2017q4/bin/../lib/gcc/arm-none-eabi/7.2.1/../../../../arm-none-eabi/lib/thumb/v6-m\libc_nano.a(lib_a-localeconv.o)
                0x00009d10                __localeconv_l
 .text.__malloc_lock
                0x00009d14        0x2 c:/users/henry/appdata/local/arduino15/packages/arduino/tools/arm-none-eabi-gcc/7-2017q4/bin/../lib/gcc/arm-none-eabi/7.2.1/../../../../arm-none-eabi/lib/thumb/v6-m\libc_nano.a(lib_a-mlock.o)
                0x00009d14                __malloc_lock
 .text.__malloc_unlock
                0x00009d16        0x2 c:/users/henry/appdata/local/arduino15/packages/arduino/tools/arm-none-eabi-gcc/7-2017q4/bin/../lib/gcc/arm-none-eabi/7.2.1/../../../../arm-none-eabi/lib/thumb/v6-m\libc_nano.a(lib_a-mlock.o)
                0x00009d16                __malloc_unlock
 .text._Balloc  0x00009d18       0x70 c:/users/henry/appdata/local/arduino15/packages/arduino/tools/arm-none-eabi-gcc/7-2017q4/bin/../lib/gcc/arm-none-eabi/7.2.1/../../../../arm-none-eabi/lib/thumb/v6-m\libc_nano.a(lib_a-mprec.o)
                0x00009d18                _Balloc
 .text._Bfree   0x00009d88       0x32 c:/users/henry/appdata/local/arduino15/packages/arduino/tools/arm-none-eabi-gcc/7-2017q4/bin/../lib/gcc/arm-none-eabi/7.2.1/../../../../arm-none-eabi/lib/thumb/v6-m\libc_nano.a(lib_a-mprec.o)
                0x00009d88                _Bfree
 .text.__multadd
                0x00009dba       0x7c c:/users/henry/appdata/local/arduino15/packages/arduino/tools/arm-none-eabi-gcc/7-2017q4/bin/../lib/gcc/arm-none-eabi/7.2.1/../../../../arm-none-eabi/lib/thumb/v6-m\libc_nano.a(lib_a-mprec.o)
                0x00009dba                __multadd
 .text.__s2b    0x00009e36       0x7c c:/users/henry/appdata/local/arduino15/packages/arduino/tools/arm-none-eabi-gcc/7-2017q4/bin/../lib/gcc/arm-none-eabi/7.2.1/../../../../arm-none-eabi/lib/thumb/v6-m\libc_nano.a(lib_a-mprec.o)
                0x00009e36                __s2b
 .text.__hi0bits
                0x00009eb2       0x34 c:/users/henry/appdata/local/arduino15/packages/arduino/tools/arm-none-eabi-gcc/7-2017q4/bin/../lib/gcc/arm-none-eabi/7.2.1/../../../../arm-none-eabi/lib/thumb/v6-m\libc_nano.a(lib_a-mprec.o)
                0x00009eb2                __hi0bits
 .text.__lo0bits
                0x00009ee6       0x5e c:/users/henry/appdata/local/arduino15/packages/arduino/tools/arm-none-eabi-gcc/7-2017q4/bin/../lib/gcc/arm-none-eabi/7.2.1/../../../../arm-none-eabi/lib/thumb/v6-m\libc_nano.a(lib_a-mprec.o)
                0x00009ee6                __lo0bits
 .text.__i2b    0x00009f44       0x12 c:/users/henry/appdata/local/arduino15/packages/arduino/tools/arm-none-eabi-gcc/7-2017q4/bin/../lib/gcc/arm-none-eabi/7.2.1/../../../../arm-none-eabi/lib/thumb/v6-m\libc_nano.a(lib_a-mprec.o)
                0x00009f44                __i2b
 .text.__multiply
                0x00009f56      0x11e c:/users/henry/appdata/local/arduino15/packages/arduino/tools/arm-none-eabi-gcc/7-2017q4/bin/../lib/gcc/arm-none-eabi/7.2.1/../../../../arm-none-eabi/lib/thumb/v6-m\libc_nano.a(lib_a-mprec.o)
                0x00009f56                __multiply
 .text.__pow5mult
                0x0000a074       0xa4 c:/users/henry/appdata/local/arduino15/packages/arduino/tools/arm-none-eabi-gcc/7-2017q4/bin/../lib/gcc/arm-none-eabi/7.2.1/../../../../arm-none-eabi/lib/thumb/v6-m\libc_nano.a(lib_a-mprec.o)
                0x0000a074                __pow5mult
 .text.__lshift
                0x0000a118       0xa4 c:/users/henry/appdata/local/arduino15/packages/arduino/tools/arm-none-eabi-gcc/7-2017q4/bin/../lib/gcc/arm-none-eabi/7.2.1/../../../../arm-none-eabi/lib/thumb/v6-m\libc_nano.a(lib_a-mprec.o)
                0x0000a118                __lshift
 .text.__mcmp   0x0000a1bc       0x34 c:/users/henry/appdata/local/arduino15/packages/arduino/tools/arm-none-eabi-gcc/7-2017q4/bin/../lib/gcc/arm-none-eabi/7.2.1/../../../../arm-none-eabi/lib/thumb/v6-m\libc_nano.a(lib_a-mprec.o)
                0x0000a1bc                __mcmp
 .text.__mdiff  0x0000a1f0       0xc8 c:/users/henry/appdata/local/arduino15/packages/arduino/tools/arm-none-eabi-gcc/7-2017q4/bin/../lib/gcc/arm-none-eabi/7.2.1/../../../../arm-none-eabi/lib/thumb/v6-m\libc_nano.a(lib_a-mprec.o)
                0x0000a1f0                __mdiff
 .text.__ulp    0x0000a2b8       0x4c c:/users/henry/appdata/local/arduino15/packages/arduino/tools/arm-none-eabi-gcc/7-2017q4/bin/../lib/gcc/arm-none-eabi/7.2.1/../../../../arm-none-eabi/lib/thumb/v6-m\libc_nano.a(lib_a-mprec.o)
                0x0000a2b8                __ulp
 .text.__b2d    0x0000a304       0x98 c:/users/henry/appdata/local/arduino15/packages/arduino/tools/arm-none-eabi-gcc/7-2017q4/bin/../lib/gcc/arm-none-eabi/7.2.1/../../../../arm-none-eabi/lib/thumb/v6-m\libc_nano.a(lib_a-mprec.o)
                0x0000a304                __b2d
 .text.__d2b    0x0000a39c       0xa8 c:/users/henry/appdata/local/arduino15/packages/arduino/tools/arm-none-eabi-gcc/7-2017q4/bin/../lib/gcc/arm-none-eabi/7.2.1/../../../../arm-none-eabi/lib/thumb/v6-m\libc_nano.a(lib_a-mprec.o)
                0x0000a39c                __d2b
 .text.__ratio  0x0000a444       0x4e c:/users/henry/appdata/local/arduino15/packages/arduino/tools/arm-none-eabi-gcc/7-2017q4/bin/../lib/gcc/arm-none-eabi/7.2.1/../../../../arm-none-eabi/lib/thumb/v6-m\libc_nano.a(lib_a-mprec.o)
                0x0000a444                __ratio
 .text.__copybits
                0x0000a492       0x2c c:/users/henry/appdata/local/arduino15/packages/arduino/tools/arm-none-eabi-gcc/7-2017q4/bin/../lib/gcc/arm-none-eabi/7.2.1/../../../../arm-none-eabi/lib/thumb/v6-m\libc_nano.a(lib_a-mprec.o)
                0x0000a492                __copybits
 .text.__any_on
                0x0000a4be       0x44 c:/users/henry/appdata/local/arduino15/packages/arduino/tools/arm-none-eabi-gcc/7-2017q4/bin/../lib/gcc/arm-none-eabi/7.2.1/../../../../arm-none-eabi/lib/thumb/v6-m\libc_nano.a(lib_a-mprec.o)
                0x0000a4be                __any_on
 .text._calloc_r
                0x0000a502       0x1c c:/users/henry/appdata/local/arduino15/packages/arduino/tools/arm-none-eabi-gcc/7-2017q4/bin/../lib/gcc/arm-none-eabi/7.2.1/../../../../arm-none-eabi/lib/thumb/v6-m\libc_nano.a(lib_a-nano-callocr.o)
                0x0000a502                _calloc_r
 .text._realloc_r
                0x0000a51e       0x4c c:/users/henry/appdata/local/arduino15/packages/arduino/tools/arm-none-eabi-gcc/7-2017q4/bin/../lib/gcc/arm-none-eabi/7.2.1/../../../../arm-none-eabi/lib/thumb/v6-m\libc_nano.a(lib_a-nano-reallocr.o)
                0x0000a51e                _realloc_r
 .text._malloc_usable_size_r
                0x0000a56a       0x10 c:/users/henry/appdata/local/arduino15/packages/arduino/tools/arm-none-eabi-gcc/7-2017q4/bin/../lib/gcc/arm-none-eabi/7.2.1/../../../../arm-none-eabi/lib/thumb/v6-m\libc_nano.a(lib_a-nano-msizer.o)
                0x0000a56a                _malloc_usable_size_r
 *fill*         0x0000a57a        0x2 
 .text          0x0000a57c       0x74 c:/users/henry/appdata/local/arduino15/packages/arduino/tools/arm-none-eabi-gcc/7-2017q4/bin/../lib/gcc/arm-none-eabi/7.2.1/thumb/v6-m\libgcc.a(floatsidf.o)
                0x0000a57c                __aeabi_i2d
 .text._sbrk    0x0000a5f0       0x1c c:/users/henry/appdata/local/arduino15/packages/arduino/tools/arm-none-eabi-gcc/7-2017q4/bin/../lib/gcc/arm-none-eabi/7.2.1/../../../../arm-none-eabi/lib/thumb/v6-m\libnosys.a(sbrk.o)
                0x0000a5f0                _sbrk
 *(.init)
 .init          0x0000a60c        0x4 c:/users/henry/appdata/local/arduino15/packages/arduino/tools/arm-none-eabi-gcc/7-2017q4/bin/../lib/gcc/arm-none-eabi/7.2.1/thumb/v6-m/crti.o
                0x0000a60c                _init
 .init          0x0000a610        0x8 c:/users/henry/appdata/local/arduino15/packages/arduino/tools/arm-none-eabi-gcc/7-2017q4/bin/../lib/gcc/arm-none-eabi/7.2.1/thumb/v6-m/crtn.o
 *(.fini)
 .fini          0x0000a618        0x4 c:/users/henry/appdata/local/arduino15/packages/arduino/tools/arm-none-eabi-gcc/7-2017q4/bin/../lib/gcc/arm-none-eabi/7.2.1/thumb/v6-m/crti.o
                0x0000a618                _fini
 .fini          0x0000a61c        0x8 c:/users/henry/appdata/local/arduino15/packages/arduino/tools/arm-none-eabi-gcc/7-2017q4/bin/../lib/gcc/arm-none-eabi/7.2.1/thumb/v6-m/crtn.o
 *crtbegin.o(.ctors)
 *crtbegin?.o(.ctors)
 *(EXCLUDE_FILE(*crtend.o *crtend?.o) .ctors)
 *(SORT_BY_NAME(.ctors.*))
 *(.ctors)
 *crtbegin.o(.dtors)
 *crtbegin?.o(.dtors)
 *(EXCLUDE_FILE(*crtend.o *crtend?.o) .dtors)
 *(SORT_BY_NAME(.dtors.*))
 *(.dtors)
 *(.rodata*)
 .rodata._GLOBAL__sub_I_strip.str1.1
                0x0000a624        0x0 C:\Users\henry\AppData\Local\arduino\sketches\189BF9529F72B492B229EFBC9A16A7B8\sketch\light-control-2.ino.cpp.o
                                  0x1 (size before relaxing)
 .rodata._Z11printStatusv.str1.1
                0x0000a624       0x84 C:\Users\henry\AppData\Local\arduino\sketches\189BF9529F72B492B229EFBC9A16A7B8\sketch\light-control-2.ino.cpp.o
 .rodata._Z12handleSerialv.str1.1
                0x0000a6a8       0xc7 C:\Users\henry\AppData\Local\arduino\sketches\189BF9529F72B492B229EFBC9A16A7B8\sketch\light-control-2.ino.cpp.o
                                 0xc9 (size before relaxing)
 .rodata._Z14printTelemetryi.str1.1
                0x0000a76f       0x49 C:\Users\henry\AppData\Local\arduino\sketches\189BF9529F72B492B229EFBC9A16A7B8\sketch\light-control-2.ino.cpp.o
                                 0x4d (size before relaxing)
 .rodata._Z9calibratev.str1.1
                0x0000a7b8       0x4f C:\Users\henry\AppData\Local\arduino\sketches\189BF9529F72B492B229EFBC9A16A7B8\sketch\light-control-2.ino.cpp.o
 .rodata.setup.str1.1
                0x0000a807       0xa4 C:\Users\henry\AppData\Local\arduino\sketches\189BF9529F72B492B229EFBC9A16A7B8\sketch\light-control-2.ino.cpp.o
 *fill*         0x0000a8ab        0x1 
 .rodata.g_APinDescription
                0x0000a8ac      0x360 C:\Users\henry\AppData\Local\arduino\sketches\189BF9529F72B492B229EFBC9A16A7B8\core\variant.cpp.o
                0x0000a8ac                g_APinDescription
 .rodata        0x0000ac0c        0x8 C:\Users\henry\AppData\Local\arduino\sketches\189BF9529F72B492B229EFBC9A16A7B8/core\core.a(CDC.cpp.o)
 .rodata._ZTV7Serial_
                0x0000ac14       0x60 C:\Users\henry\AppData\Local\arduino\sketches\189BF9529F72B492B229EFBC9A16A7B8/core\core.a(CDC.cpp.o)
                0x0000ac14                vtable for Serial_
 .rodata._ZTV26DoubleBufferedEPOutHandler
                0x0000ac74       0x24 C:\Users\henry\AppData\Local\arduino\sketches\189BF9529F72B492B229EFBC9A16A7B8/core\core.a(USBCore.cpp.o)
                0x0000ac74                vtable for DoubleBufferedEPOutHandler
 .rodata._ZL14STRING_PRODUCT
                0x0000ac98       0x10 C:\Users\henry\AppData\Local\arduino\sketches\189BF9529F72B492B229EFBC9A16A7B8/core\core.a(USBCore.cpp.o)
 .rodata._ZL15STRING_LANGUAGE
                0x0000aca8        0x4 C:\Users\henry\AppData\Local\arduino\sketches\189BF9529F72B492B229EFBC9A16A7B8/core\core.a(USBCore.cpp.o)
 .rodata._ZL19STRING_MANUFACTURER
                0x0000acac        0xc C:\Users\henry\AppData\Local\arduino\sketches\189BF9529F72B492B229EFBC9A16A7B8/core\core.a(USBCore.cpp.o)
 .rodata._ZL21USB_DeviceDescriptorB
                0x0000acb8       0x12 C:\Users\henry\AppData\Local\arduino\sketches\189BF9529F72B492B229EFBC9A16A7B8/core\core.a(USBCore.cpp.o)
 *fill*         0x0000acca        0x2 
 .rodata._ZTV4Uart
                0x0000accc       0x34 C:\Users\henry\AppData\Local\arduino\sketches\189BF9529F72B492B229EFBC9A16A7B8/core\core.a(Uart.cpp.o)
                0x0000accc                vtable for Uart
 .rodata._ZN7arduino5Print10printFloatEdi.str1.1
                0x0000ad00        0xc C:\Users\henry\AppData\Local\arduino\sketches\189BF9529F72B492B229EFBC9A16A7B8/core\core.a(Print.cpp.o)
                                  0xe (size before relaxing)
 .rodata._ZN7arduino5Print7printlnEv.str1.1
                0x0000ad0c        0x3 C:\Users\henry\AppData\Local\arduino\sketches\189BF9529F72B492B229EFBC9A16A7B8/core\core.a(Print.cpp.o)
 .rodata._ZNK7arduino6String9substringEjj.str1.1
                0x0000ad0f        0x1 C:\Users\henry\AppData\Local\arduino\sketches\189BF9529F72B492B229EFBC9A16A7B8/core\core.a(String.cpp.o)
 *fill*         0x0000ad0f        0x1 
 .rodata        0x0000ad10       0x80 c:/users/henry/appdata/local/arduino15/packages/arduino/tools/arm-none-eabi-gcc/7-2017q4/bin/../lib/gcc/arm-none-eabi/7.2.1/thumb/v6-m\libgcc.a(divsf3.o)
 .rodata        0x0000ad90       0x40 c:/users/henry/appdata/local/arduino15/packages/arduino/tools/arm-none-eabi-gcc/7-2017q4/bin/../lib/gcc/arm-none-eabi/7.2.1/thumb/v6-m\libgcc.a(mulsf3.o)
 .rodata        0x0000add0       0x40 c:/users/henry/appdata/local/arduino15/packages/arduino/tools/arm-none-eabi-gcc/7-2017q4/bin/../lib/gcc/arm-none-eabi/7.2.1/thumb/v6-m\libgcc.a(divdf3.o)
 .rodata        0x0000ae10       0x40 c:/users/henry/appdata/local/arduino15/packages/arduino/tools/arm-none-eabi-gcc/7-2017q4/bin/../lib/gcc/arm-none-eabi/7.2.1/thumb/v6-m\libgcc.a(muldf3.o)
 .rodata._setlocale_r.str1.1
                0x0000ae50        0x8 c:/users/henry/appdata/local/arduino15/packages/arduino/tools/arm-none-eabi-gcc/7-2017q4/bin/../lib/gcc/arm-none-eabi/7.2.1/../../../../arm-none-eabi/lib/thumb/v6-m\libc_nano.a(lib_a-locale.o)
                                  0x9 (size before relaxing)
 .rodata.str1.1
                0x0000ae58        0x2 c:/users/henry/appdata/local/arduino15/packages/arduino/tools/arm-none-eabi-gcc/7-2017q4/bin/../lib/gcc/arm-none-eabi/7.2.1/../../../../arm-none-eabi/lib/thumb/v6-m\libc_nano.a(lib_a-locale.o)
 .rodata._strtod_l.str1.1
                0x0000ae58        0x6 c:/users/henry/appdata/local/arduino15/packages/arduino/tools/arm-none-eabi-gcc/7-2017q4/bin/../lib/gcc/arm-none-eabi/7.2.1/../../../../arm-none-eabi/lib/thumb/v6-m\libc_nano.a(lib_a-strtod.o)
                                  0xc (size before relaxing)
 *fill*         0x0000ae5e        0x2 
 .rodata.fpi.6156
                0x0000ae60       0x14 c:/users/henry/appdata/local/arduino15/packages/arduino/tools/arm-none-eabi-gcc/7-2017q4/bin/../lib/gcc/arm-none-eabi/7.2.1/../../../../arm-none-eabi/lib/thumb/v6-m\libc_nano.a(lib_a-strtod.o)
 .rodata.fpinan.6192
                0x0000ae74       0x14 c:/users/henry/appdata/local/arduino15/packages/arduino/tools/arm-none-eabi-gcc/7-2017q4/bin/../lib/gcc/arm-none-eabi/7.2.1/../../../../arm-none-eabi/lib/thumb/v6-m\libc_nano.a(lib_a-strtod.o)
 .rodata.tinytens
                0x0000ae88       0x28 c:/users/henry/appdata/local/arduino15/packages/arduino/tools/arm-none-eabi-gcc/7-2017q4/bin/../lib/gcc/arm-none-eabi/7.2.1/../../../../arm-none-eabi/lib/thumb/v6-m\libc_nano.a(lib_a-strtod.o)
 .rodata._ctype_
                0x0000aeb0      0x101 c:/users/henry/appdata/local/arduino15/packages/arduino/tools/arm-none-eabi-gcc/7-2017q4/bin/../lib/gcc/arm-none-eabi/7.2.1/../../../../arm-none-eabi/lib/thumb/v6-m\libc_nano.a(lib_a-ctype_.o)
                0x0000aeb0                _ctype_
 *fill*         0x0000afb1        0x7 
 .rodata.__mprec_bigtens
                0x0000afb8       0x28 c:/users/henry/appdata/local/arduino15/packages/arduino/tools/arm-none-eabi-gcc/7-2017q4/bin/../lib/gcc/arm-none-eabi/7.2.1/../../../../arm-none-eabi/lib/thumb/v6-m\libc_nano.a(lib_a-mprec.o)
                0x0000afb8                __mprec_bigtens
 .rodata.__mprec_tens
                0x0000afe0       0xc8 c:/users/henry/appdata/local/arduino15/packages/arduino/tools/arm-none-eabi-gcc/7-2017q4/bin/../lib/gcc/arm-none-eabi/7.2.1/../../../../arm-none-eabi/lib/thumb/v6-m\libc_nano.a(lib_a-mprec.o)
                0x0000afe0                __mprec_tens
 .rodata.p05.6084
                0x0000b0a8        0xc c:/users/henry/appdata/local/arduino15/packages/arduino/tools/arm-none-eabi-gcc/7-2017q4/bin/../lib/gcc/arm-none-eabi/7.2.1/../../../../arm-none-eabi/lib/thumb/v6-m\libc_nano.a(lib_a-mprec.o)
 *(.eh_frame*)
 .eh_frame      0x0000b0b4        0x0 c:/users/henry/appdata/local/arduino15/packages/arduino/tools/arm-none-eabi-gcc/7-2017q4/bin/../lib/gcc/arm-none-eabi/7.2.1/thumb/v6-m/crtbegin.o
 .eh_frame      0x0000b0b4        0x4 c:/users/henry/appdata/local/arduino15/packages/arduino/tools/arm-none-eabi-gcc/7-2017q4/bin/../lib/gcc/arm-none-eabi/7.2.1/thumb/v6-m/crtend.o

.glue_7         0x0000b0b8        0x0
 .glue_7        0x0000b0b8        0x0 linker stubs

.glue_7t        0x0000b0b8        0x0
 .glue_7t       0x0000b0b8        0x0 linker stubs

.vfp11_veneer   0x0000b0b8        0x0
 .vfp11_veneer  0x0000b0b8        0x0 linker stubs

.v4_bx          0x0000b0b8        0x0
 .v4_bx         0x0000b0b8        0x0 linker stubs

.iplt           0x0000b0b8        0x0
 .iplt          0x0000b0b8        0x0 c:/users/henry/appdata/local/arduino15/packages/arduino/tools/arm-none-eabi-gcc/7-2017q4/bin/../lib/gcc/arm-none-eabi/7.2.1/thumb/v6-m/crtbegin.o

.rel.dyn        0x0000b0b8        0x0
 .rel.iplt      0x0000b0b8        0x0 c:/users/henry/appdata/local/arduino15/packages/arduino/tools/arm-none-eabi-gcc/7-2017q4/bin/../lib/gcc/arm-none-eabi/7.2.1/thumb/v6-m/crtbegin.o

.ARM.extab
 *(.ARM.extab* .gnu.linkonce.armextab.*)
                0x0000b0b8                __exidx_start = .

.ARM.exidx
 *(.ARM.exidx* .gnu.linkonce.armexidx.*)
                0x0000b0b8                __exidx_end = .
                0x0000b0b8                __etext = .

.data           0x20000000      0x220 load address 0x0000b0b8
                0x20000000                __data_start__ = .
 *(vtable)
 *(.data*)
 .data          0x20000000        0x4 c:/users/henry/appdata/local/arduino15/packages/arduino/tools/arm-none-eabi-gcc/7-2017q4/bin/../lib/gcc/arm-none-eabi/7.2.1/thumb/v6-m/crtbegin.o
                0x20000000                __dso_handle
 .data.Kd       0x20000004        0x4 C:\Users\henry\AppData\Local\arduino\sketches\189BF9529F72B492B229EFBC9A16A7B8\sketch\light-control-2.ino.cpp.o
                0x20000004                Kd
 .data.Ki       0x20000008        0x4 C:\Users\henry\AppData\Local\arduino\sketches\189BF9529F72B492B229EFBC9A16A7B8\sketch\light-control-2.ino.cpp.o
                0x20000008                Ki
 .data.Kp       0x2000000c        0x4 C:\Users\henry\AppData\Local\arduino\sketches\189BF9529F72B492B229EFBC9A16A7B8\sketch\light-control-2.ino.cpp.o
                0x2000000c                Kp
 .data.plantSign
                0x20000010        0x4 C:\Users\henry\AppData\Local\arduino\sketches\189BF9529F72B492B229EFBC9A16A7B8\sketch\light-control-2.ino.cpp.o
                0x20000010                plantSign
 .data.setpoint
                0x20000014        0x4 C:\Users\henry\AppData\Local\arduino\sketches\189BF9529F72B492B229EFBC9A16A7B8\sketch\light-control-2.ino.cpp.o
                0x20000014                setpoint
 .data._ZL10breakValue
                0x20000018        0x4 C:\Users\henry\AppData\Local\arduino\sketches\189BF9529F72B492B229EFBC9A16A7B8/core\core.a(CDC.cpp.o)
 .data._serialPeek
                0x2000001c        0x4 C:\Users\henry\AppData\Local\arduino\sketches\189BF9529F72B492B229EFBC9A16A7B8/core\core.a(CDC.cpp.o)
                0x2000001c                _serialPeek
 .data.SystemCoreClock
                0x20000020        0x4 C:\Users\henry\AppData\Local\arduino\sketches\189BF9529F72B492B229EFBC9A16A7B8/core\core.a(wiring.c.o)
                0x20000020                SystemCoreClock
 .data._ADCResolution
                0x20000024        0x4 C:\Users\henry\AppData\Local\arduino\sketches\189BF9529F72B492B229EFBC9A16A7B8/core\core.a(wiring_analog.c.o)
 .data._readResolution
                0x20000028        0x4 C:\Users\henry\AppData\Local\arduino\sketches\189BF9529F72B492B229EFBC9A16A7B8/core\core.a(wiring_analog.c.o)
 .data._ZL5ticks
                0x2000002c        0x4 C:\Users\henry\AppData\Local\arduino\sketches\189BF9529F72B492B229EFBC9A16A7B8/core\core.a(Reset.cpp.o)
 .data._impure_ptr
                0x20000030        0x4 c:/users/henry/appdata/local/arduino15/packages/arduino/tools/arm-none-eabi-gcc/7-2017q4/bin/../lib/gcc/arm-none-eabi/7.2.1/../../../../arm-none-eabi/lib/thumb/v6-m\libc_nano.a(lib_a-impure.o)
                0x20000030                _impure_ptr
 .data.impure_data
                0x20000034       0x60 c:/users/henry/appdata/local/arduino15/packages/arduino/tools/arm-none-eabi-gcc/7-2017q4/bin/../lib/gcc/arm-none-eabi/7.2.1/../../../../arm-none-eabi/lib/thumb/v6-m\libc_nano.a(lib_a-impure.o)
 .data.__global_locale
                0x20000094      0x16c c:/users/henry/appdata/local/arduino15/packages/arduino/tools/arm-none-eabi-gcc/7-2017q4/bin/../lib/gcc/arm-none-eabi/7.2.1/../../../../arm-none-eabi/lib/thumb/v6-m\libc_nano.a(lib_a-locale.o)
                0x20000094                __global_locale
                0x20000200                . = ALIGN (0x4)
                0x20000200                PROVIDE (__preinit_array_start, .)
 *(.preinit_array)
                0x20000200                PROVIDE (__preinit_array_end, .)
                0x20000200                . = ALIGN (0x4)
                0x20000200                PROVIDE (__init_array_start, .)
 *(SORT_BY_NAME(.init_array.*))
 *(.init_array)
 .init_array    0x20000200        0x4 c:/users/henry/appdata/local/arduino15/packages/arduino/tools/arm-none-eabi-gcc/7-2017q4/bin/../lib/gcc/arm-none-eabi/7.2.1/thumb/v6-m/crtbegin.o
 .init_array    0x20000204        0x4 C:\Users\henry\AppData\Local\arduino\sketches\189BF9529F72B492B229EFBC9A16A7B8\sketch\light-control-2.ino.cpp.o
 .init_array    0x20000208        0x4 C:\Users\henry\AppData\Local\arduino\sketches\189BF9529F72B492B229EFBC9A16A7B8\core\variant.cpp.o
 .init_array    0x2000020c        0x4 C:\Users\henry\AppData\Local\arduino\sketches\189BF9529F72B492B229EFBC9A16A7B8/core\core.a(CDC.cpp.o)
 .init_array    0x20000210        0x4 C:\Users\henry\AppData\Local\arduino\sketches\189BF9529F72B492B229EFBC9A16A7B8/core\core.a(USBCore.cpp.o)
                0x20000214                PROVIDE (__init_array_end, .)
                0x20000214                . = ALIGN (0x4)
                [!provide]                PROVIDE (__fini_array_start, .)
 *(SORT_BY_NAME(.fini_array.*))
 *(.fini_array)
 .fini_array    0x20000214        0x4 c:/users/henry/appdata/local/arduino15/packages/arduino/tools/arm-none-eabi-gcc/7-2017q4/bin/../lib/gcc/arm-none-eabi/7.2.1/thumb/v6-m/crtbegin.o
                [!provide]                PROVIDE (__fini_array_end, .)
 *(.jcr*)
                0x20000220                . = ALIGN (0x10)
 *fill*         0x20000218        0x8 